$PROBLEM    No filters
;@ Variables 17/20 @;
$INPUT      ROW ID NOMTIME TIME EVID CMT AMT DV FLAG STUDY BLQ CYCLE
            DOSE PART PROFDAY PROFTIME WEIGHTB eff0
$DATA      xgxr2_flag0_nocolnames.csv
$SUBROUTINE ADVAN4 TRANS4
$PK
KA=THETA(1)*EXP(ETA(1))
V2=THETA(2)*EXP(ETA(2))
CL=THETA(3)*EXP(ETA(3))
V3=THETA(4)*EXP(ETA(4))
Q=THETA(5)*EXP(ETA(5))

$ERROR
  IPRED=F
  IRES=DV-IPRED

  IF (IPRED.GT.1) THEN
    W = SQRT(IPRED**2*SIGMA(1,1)**2 + SIGMA(2,2)**2)
  ELSE
    W=1
  ENDIF

  IWRES=IRES/W
  Y=F+F*ERR(1)+ERR(2)

;-----------------------INITIAL ESTIMATES---------------------------------
$THETA  (0,0.9) ; POPKA
$THETA  (0,4.2) ; POPCL
$THETA  (0,3.6) ; POPV2
$THETA  (0,5.81) ; POPV3
$THETA  (0,3.44) ; POPQ
$OMEGA  0.1
$OMEGA  0.1
$OMEGA  0.1
$OMEGA  0  FIX
$OMEGA  0  FIX
$SIGMA  .2
$SIGMA  .2
$ESTIMATION METHOD=1 POSTHOC INTER MAXEVAL=9999 NSIG=2 SIGL=9 PRINT=10
            NOABORT
$TABLE      ID CWRES PRED IPRED FILE=xgxr013_res1.txt NOPRINT


NM-TRAN MESSAGES
  
 WARNINGS AND ERRORS (IF ANY) FOR PROBLEM    1
             
 (WARNING  2) NM-TRAN INFERS THAT THE DATA ARE POPULATION.
             
 (WARNING  23) $PK DOES NOT DEFINE A SCALE PARAMETER FOR THE CENTRAL
 COMPARTMENT.  WITH THIS TRANS, IT MAY NOT BE POSSIBLE TO SEPARATELY
 OBTAIN ESTIMATES OF PARAMETERS AFFECTING CLEARANCE AND VOLUME.
             
 (WARNING  79) SIGMA IS USED ON THE RIGHT. WITH A SUBSEQUENT RUN, IF AN
 INITIAL ESTIMATE OF A DIAGONAL BLOCK OF SIGMA IS TO BE COMPUTED BY
 NONMEM, THAT BLOCK WILL BE SET TO AN IDENTITY MATRIX DURING THAT
 COMPUTATION. THIS COULD LEAD TO AN ARITHMETIC EXCEPTION.*

 * THE MAXIMUM NUMBER OF WARNINGS OF ONE OR MORE TYPES WAS REACHED.
 IT IS POSSIBLE THAT SOME WARNING MESSAGES WERE SUPPRESSED.

1NONLINEAR MIXED EFFECTS MODEL PROGRAM (NONMEM) VERSION 7.5.0
 ORIGINALLY DEVELOPED BY STUART BEAL, LEWIS SHEINER, AND ALISON BOECKMANN
 CURRENT DEVELOPERS ARE ROBERT BAUER, ICON DEVELOPMENT SOLUTIONS,
 AND ALISON BOECKMANN. IMPLEMENTATION, EFFICIENCY, AND STANDARDIZATION
 PERFORMED BY NOUS INFOSYSTEMS.

 PROBLEM NO.:         1
 No filters
0DATA CHECKOUT RUN:              NO
 DATA SET LOCATED ON UNIT NO.:    2
 THIS UNIT TO BE REWOUND:        NO
 NO. OF DATA RECS IN DATA SET:      905
 NO. OF DATA ITEMS IN DATA SET:  19
 ID DATA ITEM IS DATA ITEM NO.:   2
 DEP VARIABLE IS DATA ITEM NO.:   8
 MDV DATA ITEM IS DATA ITEM NO.: 19
0INDICES PASSED TO SUBROUTINE PRED:
   5   4   7   0   0   0   6   0   0   0   0
0LABELS FOR DATA ITEMS:
 ROW ID NOMTIME TIME EVID CMT AMT DV FLAG STUDY BLQ CYCLE DOSE PART PROFDAY PROFTIME WEIGHTB eff0 MDV
0(NONBLANK) LABELS FOR PRED-DEFINED ITEMS:
 IPRED
0FORMAT FOR DATA:
 (2(8E9.0/),2E9.0,1F2.0)

 TOT. NO. OF OBS RECS:      755
 TOT. NO. OF INDIVIDUALS:      150
0LENGTH OF THETA:   5
0DEFAULT THETA BOUNDARY TEST OMITTED:    NO
0OMEGA HAS BLOCK FORM:
  1
  0  2
  0  0  3
  0  0  0  4
  0  0  0  0  5
0DEFAULT OMEGA BOUNDARY TEST OMITTED:    NO
0SIGMA HAS SIMPLE DIAGONAL FORM WITH DIMENSION:   2
0DEFAULT SIGMA BOUNDARY TEST OMITTED:    NO
0INITIAL ESTIMATE OF THETA:
 LOWER BOUND    INITIAL EST    UPPER BOUND
  0.0000E+00     0.9000E+00     0.1000E+07
  0.0000E+00     0.4200E+01     0.1000E+07
  0.0000E+00     0.3600E+01     0.1000E+07
  0.0000E+00     0.5810E+01     0.1000E+07
  0.0000E+00     0.3440E+01     0.1000E+07
0INITIAL ESTIMATE OF OMEGA:
 BLOCK SET NO.   BLOCK                                                                    FIXED
        1                                                                                   NO
                  0.1000E+00
        2                                                                                   NO
                  0.1000E+00
        3                                                                                   NO
                  0.1000E+00
        4                                                                                  YES
                  0.0000E+00
        5                                                                                  YES
                  0.0000E+00
0INITIAL ESTIMATE OF SIGMA:
 0.2000E+00
 0.0000E+00   0.2000E+00
0TABLES STEP OMITTED:    NO
 NO. OF TABLES:           1
 SEED NUMBER (SEED):    11456
 RANMETHOD:             3U
 MC SAMPLES (ESAMPLE):    300
 WRES SQUARE ROOT TYPE (WRESCHOL): EIGENVALUE
0-- TABLE   1 --
0RECORDS ONLY:    ALL
04 COLUMNS APPENDED:    YES
 PRINTED:                NO
 HEADERS:               YES
 FILE TO BE FORWARDED:   NO
 FORMAT:                S1PE11.4
 IDFORMAT:
 LFORMAT:
 RFORMAT:
 FIXED_EFFECT_ETAS:
0USER-CHOSEN ITEMS:
 ID CWRES IPRED
1DOUBLE PRECISION PREDPP VERSION 7.5.0

 TWO COMPARTMENT MODEL WITH FIRST-ORDER ABSORPTION (ADVAN4)
0MAXIMUM NO. OF BASIC PK PARAMETERS:   5
0BASIC PK PARAMETERS (AFTER TRANSLATION):
   BASIC PK PARAMETER NO.  1: ELIMINATION RATE (K)
   BASIC PK PARAMETER NO.  2: CENTRAL-TO-PERIPH. RATE (K23)
   BASIC PK PARAMETER NO.  3: PERIPH.-TO-CENTRAL RATE (K32)
   BASIC PK PARAMETER NO.  5: ABSORPTION RATE (KA)
 TRANSLATOR WILL CONVERT PARAMETERS
 CL, V2, Q, V3 TO K, K23, K32 (TRANS4)
0COMPARTMENT ATTRIBUTES
 COMPT. NO.   FUNCTION   INITIAL    ON/OFF      DOSE      DEFAULT    DEFAULT
                         STATUS     ALLOWED    ALLOWED    FOR DOSE   FOR OBS.
    1         DEPOT        OFF        YES        YES        YES        NO
    2         CENTRAL      ON         NO         YES        NO         YES
    3         PERIPH.      ON         NO         YES        NO         NO
    4         OUTPUT       OFF        YES        NO         NO         NO
1
 ADDITIONAL PK PARAMETERS - ASSIGNMENT OF ROWS IN GG
 COMPT. NO.                             INDICES
              SCALE      BIOAVAIL.   ZERO-ORDER  ZERO-ORDER  ABSORB
                         FRACTION    RATE        DURATION    LAG
    1            *           *           *           *           *
    2            *           *           *           *           *
    3            *           *           *           *           *
    4            *           -           -           -           -
             - PARAMETER IS NOT ALLOWED FOR THIS MODEL
             * PARAMETER IS NOT SUPPLIED BY PK SUBROUTINE;
               WILL DEFAULT TO ONE IF APPLICABLE
0DATA ITEM INDICES USED BY PRED ARE:
   EVENT ID DATA ITEM IS DATA ITEM NO.:      5
   TIME DATA ITEM IS DATA ITEM NO.:          4
   DOSE AMOUNT DATA ITEM IS DATA ITEM NO.:   7
   COMPT. NO. DATA ITEM IS DATA ITEM NO.:    6

0PK SUBROUTINE CALLED WITH EVERY EVENT RECORD.
 PK SUBROUTINE NOT CALLED AT NONEVENT (ADDITIONAL OR LAGGED) DOSE TIMES.
0ERROR SUBROUTINE CALLED WITH EVERY EVENT RECORD.
1


 #TBLN:      1
 #METH: First Order Conditional Estimation with Interaction

 ESTIMATION STEP OMITTED:                 NO
 ANALYSIS TYPE:                           POPULATION
 NUMBER OF SADDLE POINT RESET ITERATIONS:      0
 GRADIENT METHOD USED:               NOSLOW
 CONDITIONAL ESTIMATES USED:              YES
 CENTERED ETA:                            NO
 EPS-ETA INTERACTION:                     YES
 LAPLACIAN OBJ. FUNC.:                    NO
 NO. OF FUNCT. EVALS. ALLOWED:            9999
 NO. OF SIG. FIGURES REQUIRED:            2
 INTERMEDIATE PRINTOUT:                   YES
 ESTIMATE OUTPUT TO MSF:                  NO
 ABORT WITH PRED EXIT CODE 1:             NO
 IND. OBJ. FUNC. VALUES SORTED:           NO
 NUMERICAL DERIVATIVE
       FILE REQUEST (NUMDER):               NONE
 MAP (ETAHAT) ESTIMATION METHOD (OPTMAP):   0
 ETA HESSIAN EVALUATION METHOD (ETADER):    0
 INITIAL ETA FOR MAP ESTIMATION (MCETA):    0
 SIGDIGITS FOR MAP ESTIMATION (SIGLO):      9
 GRADIENT SIGDIGITS OF
       FIXED EFFECTS PARAMETERS (SIGL):     9
 NOPRIOR SETTING (NOPRIOR):                 0
 NOCOV SETTING (NOCOV):                     OFF
 DERCONT SETTING (DERCONT):                 OFF
 FINAL ETA RE-EVALUATION (FNLETA):          1
 EXCLUDE NON-INFLUENTIAL (NON-INFL.) ETAS
       IN SHRINKAGE (ETASTYPE):             NO
 NON-INFL. ETA CORRECTION (NONINFETA):      0
 RAW OUTPUT FILE (FILE): psn.ext
 EXCLUDE TITLE (NOTITLE):                   NO
 EXCLUDE COLUMN LABELS (NOLABEL):           NO
 FORMAT FOR ADDITIONAL FILES (FORMAT):      S1PE12.5
 PARAMETER ORDER FOR OUTPUTS (ORDER):       TSOL
 KNUTHSUMOFF:                               0
 INCLUDE LNTWOPI:                           NO
 INCLUDE CONSTANT TERM TO PRIOR (PRIORC):   NO
 INCLUDE CONSTANT TERM TO OMEGA (ETA) (OLNTWOPI):NO
 ADDITIONAL CONVERGENCE TEST (CTYPE=4)?:    NO
 EM OR BAYESIAN METHOD USED:                 NONE


 THE FOLLOWING LABELS ARE EQUIVALENT
 PRED=PREDI
 RES=RESI
 WRES=WRESI
 IWRS=IWRESI
 IPRD=IPREDI
 IRS=IRESI

 MONITORING OF SEARCH:


0ITERATION NO.:    0    OBJECTIVE VALUE:   3516.44311395554        NO. OF FUNC. EVALS.:   9
 CUMULATIVE NO. OF FUNC. EVALS.:        9
 NPARAMETR:  9.0000E-01  4.2000E+00  3.6000E+00  5.8100E+00  3.4400E+00  1.0000E-01  1.0000E-01  1.0000E-01  2.0000E-01  2.0000E-01

 PARAMETER:  1.0000E-01  1.0000E-01  1.0000E-01  1.0000E-01  1.0000E-01  1.0000E-01  1.0000E-01  1.0000E-01  1.0000E-01  1.0000E-01

 GRADIENT:   2.8583E+02  1.6750E+03 -1.5241E+03 -1.4331E+02 -7.5533E+00  1.4192E+00 -1.0946E+03 -9.6534E+02 -2.1379E+03  6.5453E+01


0ITERATION NO.:   10    OBJECTIVE VALUE:  -1627.99203327674        NO. OF FUNC. EVALS.: 105
 CUMULATIVE NO. OF FUNC. EVALS.:      114
 NPARAMETR:  1.5544E-01  2.6676E-01  6.7164E+00  1.3487E+00  9.9294E+01  4.1056E-02  9.1798E-02  7.8639E-01  3.0936E-01  2.6087E-03

 PARAMETER: -1.6562E+00 -2.6565E+00  7.2361E-01 -1.3604E+00  3.4626E+00 -3.4512E-01  5.7210E-02  1.1311E+00  3.1809E-01 -2.0697E+00

 GRADIENT:  -9.1907E+01 -1.2420E+02  8.0112E+01  4.7624E+01 -3.2208E+00 -6.5662E+01  1.1877E+01  1.4542E+02  3.2068E+02  1.0442E+02


0ITERATION NO.:   20    OBJECTIVE VALUE:  -1948.59174213467        NO. OF FUNC. EVALS.: 103
 CUMULATIVE NO. OF FUNC. EVALS.:      217
 NPARAMETR:  1.7665E-01  4.2000E-02  7.1502E-01  1.7110E-01  5.4944E+02  1.8151E-01  8.1409E-02  3.6433E-02  1.1011E-01  1.3158E-03

 PARAMETER: -1.5282E+00 -4.6461E+00 -1.5164E+00 -3.4251E+00  5.1734E+00  3.9808E-01 -2.8419E-03 -4.0485E-01 -1.9842E-01 -2.4119E+00

 GRADIENT:   3.8041E+00  0.0000E+00  4.3526E+00 -5.5956E+00 -5.5739E-02 -5.3055E+00 -2.8662E+00  6.7121E+00 -1.4155E+00 -8.4471E-01


0ITERATION NO.:   30    OBJECTIVE VALUE:  -1951.52661447594        NO. OF FUNC. EVALS.: 100
 CUMULATIVE NO. OF FUNC. EVALS.:      317
 NPARAMETR:  1.8131E-01  4.2000E-02  7.2473E-01  1.7857E-01  5.9398E+03  2.1002E-01  1.2124E-01  4.7180E-04  1.0590E-01  1.3936E-03

 PARAMETER: -1.5022E+00 -4.5190E+00 -1.5029E+00 -3.3824E+00  7.5540E+00  4.7101E-01  1.9628E-01 -2.5782E+00 -2.1792E-01 -2.3832E+00

 GRADIENT:   4.3283E-01  0.0000E+00  7.1832E-02 -1.2102E-01 -6.3267E-03 -4.7898E-02 -5.6555E-02  3.1432E-02 -3.7665E-02 -3.8819E-02


0ITERATION NO.:   40    OBJECTIVE VALUE:  -1951.53792396785        NO. OF FUNC. EVALS.: 202
 CUMULATIVE NO. OF FUNC. EVALS.:      519
 NPARAMETR:  1.8121E-01  4.2000E-02  7.2467E-01  1.7862E-01  1.9476E+04  2.1011E-01  1.2158E-01  2.5847E-04  1.0594E-01  1.3950E-03

 PARAMETER: -1.5027E+00 -4.5110E+00 -1.5030E+00 -3.3821E+00  8.7415E+00  4.7123E-01  1.9770E-01 -2.8791E+00 -2.1770E-01 -2.3827E+00

 GRADIENT:  -6.2828E-02  0.0000E+00 -3.2098E-01  2.3283E-01 -1.8889E-03 -3.1909E-02  1.2941E-01  1.7201E-02  3.3700E-01  1.8783E-01


0ITERATION NO.:   47    OBJECTIVE VALUE:  -1951.54261631179        NO. OF FUNC. EVALS.:  98
 CUMULATIVE NO. OF FUNC. EVALS.:      617
 NPARAMETR:  1.8116E-01  4.2000E-02  7.2470E-01  1.7835E-01  2.2696E+06  2.0999E-01  1.2144E-01  1.6979E-04  1.0597E-01  1.3931E-03

 PARAMETER: -1.5030E+00 -4.5244E+00 -1.5029E+00 -3.3836E+00  1.3500E+01  4.7094E-01  1.9714E-01 -3.0892E+00 -2.1756E-01 -2.3834E+00

 GRADIENT:  -2.0618E-01  0.0000E+00  7.3686E-01 -4.2315E-01 -1.7659E-05 -7.0097E-03 -7.0931E-02  1.2863E-02  1.1892E-01 -4.6441E-02


 #TERM:
0MINIMIZATION SUCCESSFUL
 NO. OF FUNCTION EVALUATIONS USED:      617
 NO. OF SIG. DIGITS IN FINAL EST.:  2.9
0PARAMETER ESTIMATE IS NEAR ITS BOUNDARY
 THIS MUST BE ADDRESSED BEFORE THE COVARIANCE STEP CAN BE IMPLEMENTED

 ETABAR IS THE ARITHMETIC MEAN OF THE ETA-ESTIMATES,
 AND THE P-VALUE IS GIVEN FOR THE NULL HYPOTHESIS THAT THE TRUE MEAN IS 0.

 ETABAR:         1.0016E-02  6.9398E-03 -1.2817E-05  0.0000E+00  0.0000E+00
 SE:             3.2587E-02  2.3969E-02  3.7114E-05  0.0000E+00  0.0000E+00
 N:                     131         131         131         131         131

 P VAL.:         7.5858E-01  7.7218E-01  7.2983E-01  1.0000E+00  1.0000E+00

 ETASHRINKSD(%)  1.8296E+01  2.0976E+01  9.6727E+01  0.0000E+00  0.0000E+00
 ETASHRINKVR(%)  3.3244E+01  3.7551E+01  9.9893E+01  0.0000E+00  0.0000E+00
 EBVSHRINKSD(%)  1.9013E+01  2.1424E+01  9.6671E+01  0.0000E+00  0.0000E+00
 EBVSHRINKVR(%)  3.4411E+01  3.8258E+01  9.9889E+01  0.0000E+00  0.0000E+00
 RELATIVEINF(%)  5.6893E+01  1.5078E+01  2.8882E-02  0.0000E+00  0.0000E+00
 EPSSHRINKSD(%)  1.0780E+01  1.0780E+01
 EPSSHRINKVR(%)  2.0397E+01  2.0397E+01

  
 TOTAL DATA POINTS NORMALLY DISTRIBUTED (N):          755
 N*LOG(2PI) CONSTANT TO OBJECTIVE FUNCTION:    1387.5971851390557     
 OBJECTIVE FUNCTION VALUE WITHOUT CONSTANT:   -1951.5426163117882     
 OBJECTIVE FUNCTION VALUE WITH CONSTANT:      -563.94543117273247     
 REPORTED OBJECTIVE FUNCTION DOES NOT CONTAIN CONSTANT
  
 TOTAL EFFECTIVE ETAS (NIND*NETA):                           393
  
 #TERE:
 Elapsed estimation  time in seconds:     8.30
 Elapsed postprocess time in seconds:     0.05
1
 
 
 
 
 
 
 
 
 
 
 
 
 
 
 
 
 
 
 
 
 ************************************************************************************************************************
 ********************                                                                                ********************
 ********************               FIRST ORDER CONDITIONAL ESTIMATION WITH INTERACTION              ********************
 #OBJT:**************                       MINIMUM VALUE OF OBJECTIVE FUNCTION                      ********************
 ********************                                                                                ********************
 ************************************************************************************************************************
 





 #OBJV:********************************************    -1951.543       **************************************************
1
 ************************************************************************************************************************
 ********************                                                                                ********************
 ********************               FIRST ORDER CONDITIONAL ESTIMATION WITH INTERACTION              ********************
 ********************                             FINAL PARAMETER ESTIMATE                           ********************
 ********************                                                                                ********************
 ************************************************************************************************************************
 


 THETA - VECTOR OF FIXED EFFECTS PARAMETERS   *********


         TH 1      TH 2      TH 3      TH 4      TH 5     
 
         1.81E-01  4.20E-02  7.25E-01  1.78E-01  2.27E+06
 


 OMEGA - COV MATRIX FOR RANDOM EFFECTS - ETAS  ********


         ETA1      ETA2      ETA3      ETA4      ETA5     
 
 ETA1
+        2.10E-01
 
 ETA2
+        0.00E+00  1.21E-01
 
 ETA3
+        0.00E+00  0.00E+00  1.70E-04
 
 ETA4
+        0.00E+00  0.00E+00  0.00E+00  0.00E+00
 
 ETA5
+        0.00E+00  0.00E+00  0.00E+00  0.00E+00  0.00E+00
 


 SIGMA - COV MATRIX FOR RANDOM EFFECTS - EPSILONS  ****


         EPS1      EPS2     
 
 EPS1
+        1.06E-01
 
 EPS2
+        0.00E+00  1.39E-03
 
1


 OMEGA - CORR MATRIX FOR RANDOM EFFECTS - ETAS  *******


         ETA1      ETA2      ETA3      ETA4      ETA5     
 
 ETA1
+        4.58E-01
 
 ETA2
+        0.00E+00  3.48E-01
 
 ETA3
+        0.00E+00  0.00E+00  1.30E-02
 
 ETA4
+        0.00E+00  0.00E+00  0.00E+00  0.00E+00
 
 ETA5
+        0.00E+00  0.00E+00  0.00E+00  0.00E+00  0.00E+00
 


 SIGMA - CORR MATRIX FOR RANDOM EFFECTS - EPSILONS  ***


         EPS1      EPS2     
 
 EPS1
+        3.26E-01
 
 EPS2
+        0.00E+00  3.73E-02
 
 Elapsed finaloutput time in seconds:     0.02
 #CPUT: Total CPU Time in Seconds,        8.507
Stop Time:
