Thu Nov  2 03:20:24 PM EDT 2023
$PROBLEM    031 SAEM
$INPUT      ROW ID NOMTIME TIME EVID CMT AMT DV FLAG STUDY BLQ CYCLE
            DOSE PART PROFDAY PROFTIME WEIGHTB eff0
$DATA      xgxr2.csv IGNORE=@ IGNORE=(FLAG.NE.0) IGNORE(DOSE.LT.30)
$SUBROUTINE ADVAN4 TRANS4
$PK
LTVKA=THETA(1)
LTVV2=THETA(2)
LTVCL=THETA(3)
LTVV3=THETA(4)
LTVQ=THETA(5)

MU_1=LTVKA
KA=EXP(MU_1+ETA(1))
MU_2=LTVV2
V2=EXP(MU_2+ETA(2))
MU_3=LTVCL
CL=EXP(MU_3+ETA(3))
MU_4=LTVV3
V3=EXP(MU_4+ETA(4))
MU_5 = LTVQ
Q =EXP(MU_5+ETA(5))
S2=V2

$ERROR
  IPRED=F
  IRES=DV-IPRED

  IF (IPRED.GT.1) THEN
    W = SQRT(IPRED**2*SIGMA(1,1) + SIGMA(2,2))
  ELSE
    W=1
  ENDIF

  IWRES=IRES/W
  Y=F+F*ERR(1)+ERR(2)

;-----------------------INITIAL ESTIMATES---------------------------------
$THETA  .1 ; LTVKA
$THETA  3 ; LTVV2
$THETA  1 ; LTVCL
$THETA  4 ; LTVV3
$THETA  -1 ; LTVQ
$OMEGA  0  FIX
$OMEGA  0.1
$OMEGA  0.1
$OMEGA  0  FIX
$OMEGA  0  FIX
$SIGMA  0.1
$SIGMA  0  FIX
;; $ESTIMATION METHOD=1 POSTHOC INTER MAXEVAL=9999 NSIG=2 SIGL=9
;;            PRINT=10 NOABORT MSFO=xgxr032.msf
$ESTIMATION METHOD=SAEM INTERACTION NOABORT NBURN=1000 NITER=1000
            CTYPE=3 MAX=99999 NSIG=3 SEED=3442 PRINT=10 RANMETHOD=P
            MSFO=xgxr032.msf
$ESTIMATION METHOD=IMP INTERACTION EONLY=1 NITER=20 PRINT=1
            ISAMPLE=5000 RANMETHOD=P
$COVARIANCE PRINT=E
$TABLE      ROW KA V2 V3 CL Q PRED IPRED Y NOPRINT
            FILE=xgxr032_res.txt


NM-TRAN MESSAGES
  
 WARNINGS AND ERRORS (IF ANY) FOR PROBLEM    1
             
 (WARNING  2) NM-TRAN INFERS THAT THE DATA ARE POPULATION.
             
 (WARNING  79) SIGMA IS USED ON THE RIGHT. WITH A SUBSEQUENT RUN, IF AN
 INITIAL ESTIMATE OF A DIAGONAL BLOCK OF SIGMA IS TO BE COMPUTED BY
 NONMEM, THAT BLOCK WILL BE SET TO AN IDENTITY MATRIX DURING THAT
 COMPUTATION. THIS COULD LEAD TO AN ARITHMETIC EXCEPTION.*

 * THE MAXIMUM NUMBER OF WARNINGS OF ONE OR MORE TYPES WAS REACHED.
 IT IS POSSIBLE THAT SOME WARNING MESSAGES WERE SUPPRESSED.
  
Note: Analytical 2nd Derivatives are constructed in FSUBS but are never used.
      You may insert $ABBR DERIV2=NO after the first $PROB to save FSUBS construction and compilation time
  

License Registered to: Philip Harder Delff for developing R packages that Interact with NONMEM
Expiration Date:    14 SEP 2024
Current Date:        2 NOV 2023
Days until program expires : 317
1NONLINEAR MIXED EFFECTS MODEL PROGRAM (NONMEM) VERSION 7.5.1
 ORIGINALLY DEVELOPED BY STUART BEAL, LEWIS SHEINER, AND ALISON BOECKMANN
 CURRENT DEVELOPERS ARE ROBERT BAUER, ICON DEVELOPMENT SOLUTIONS,
 AND ALISON BOECKMANN. IMPLEMENTATION, EFFICIENCY, AND STANDARDIZATION
 PERFORMED BY NOUS INFOSYSTEMS.

 PROBLEM NO.:         1
 031 SAEM
0DATA CHECKOUT RUN:              NO
 DATA SET LOCATED ON UNIT NO.:    2
 THIS UNIT TO BE REWOUND:        NO
 NO. OF DATA RECS IN DATA SET:      731
 NO. OF DATA ITEMS IN DATA SET:  19
 ID DATA ITEM IS DATA ITEM NO.:   2
 DEP VARIABLE IS DATA ITEM NO.:   8
 MDV DATA ITEM IS DATA ITEM NO.: 19
0INDICES PASSED TO SUBROUTINE PRED:
   5   4   7   0   0   0   6   0   0   0   0
0LABELS FOR DATA ITEMS:
 ROW ID NOMTIME TIME EVID CMT AMT DV FLAG STUDY BLQ CYCLE DOSE PART PROFDAY PROFTIME WEIGHTB eff0 MDV
0(NONBLANK) LABELS FOR PRED-DEFINED ITEMS:
 KA V2 CL V3 Q IPRED Y
0FORMAT FOR DATA:
 (2(8E9.0/),2E9.0,1F2.0)

 TOT. NO. OF OBS RECS:      641
 TOT. NO. OF INDIVIDUALS:       90
0LENGTH OF THETA:   5
0DEFAULT THETA BOUNDARY TEST OMITTED:    NO
0OMEGA HAS BLOCK FORM:
  1
  0  2
  0  0  3
  0  0  0  4
  0  0  0  0  5
0DEFAULT OMEGA BOUNDARY TEST OMITTED:    NO
0SIGMA HAS BLOCK FORM:
  1
  0  2
0DEFAULT SIGMA BOUNDARY TEST OMITTED:    NO
0INITIAL ESTIMATE OF THETA:
   0.1000E+00  0.3000E+01  0.1000E+01  0.4000E+01 -0.1000E+01
0INITIAL ESTIMATE OF OMEGA:
 BLOCK SET NO.   BLOCK                                                                    FIXED
        1                                                                                  YES
                  0.0000E+00
        2                                                                                   NO
                  0.1000E+00
        3                                                                                   NO
                  0.1000E+00
        4                                                                                  YES
                  0.0000E+00
        5                                                                                  YES
                  0.0000E+00
0INITIAL ESTIMATE OF SIGMA:
 BLOCK SET NO.   BLOCK                                                                    FIXED
        1                                                                                   NO
                  0.1000E+00
        2                                                                                  YES
                  0.0000E+00
0COVARIANCE STEP OMITTED:        NO
 EIGENVLS. PRINTED:             YES
 SPECIAL COMPUTATION:            NO
 COMPRESSED FORMAT:              NO
 GRADIENT METHOD USED:     NOSLOW
 SIGDIGITS ETAHAT (SIGLO):                  -1
 SIGDIGITS GRADIENTS (SIGL):                -1
 EXCLUDE COV FOR FOCE (NOFCOV):              NO
 Cholesky Transposition of R Matrix (CHOLROFF):0
 KNUTHSUMOFF:                                -1
 RESUME COV ANALYSIS (RESUME):               NO
 SIR SAMPLE SIZE (SIRSAMPLE):
 NON-LINEARLY TRANSFORM THETAS DURING COV (THBND): 1
 PRECONDTIONING CYCLES (PRECOND):        0
 PRECONDTIONING TYPES (PRECONDS):        TOS
 FORCED PRECONDTIONING CYCLES (PFCOND):0
 PRECONDTIONING TYPE (PRETYPE):        0
 FORCED POS. DEFINITE SETTING DURING PRECONDITIONING: (FPOSDEF):0
 SIMPLE POS. DEFINITE SETTING: (POSDEF):-1
0TABLES STEP OMITTED:    NO
 NO. OF TABLES:           1
 SEED NUMBER (SEED):    11456
 NPDTYPE:    0
 INTERPTYPE:    0
 RANMETHOD:             3U
 MC SAMPLES (ESAMPLE):    300
 WRES SQUARE ROOT TYPE (WRESCHOL): EIGENVALUE
0-- TABLE   1 --
0RECORDS ONLY:    ALL
04 COLUMNS APPENDED:    YES
 PRINTED:                NO
 HEADER:                YES
 FILE TO BE FORWARDED:   NO
 FORMAT:                S1PE11.4
 IDFORMAT:
 LFORMAT:
 RFORMAT:
 FIXED_EFFECT_ETAS:
0USER-CHOSEN ITEMS:
 ROW KA V2 V3 CL Q IPRED Y
1DOUBLE PRECISION PREDPP VERSION 7.5.1

 TWO COMPARTMENT MODEL WITH FIRST-ORDER ABSORPTION (ADVAN4)
0MAXIMUM NO. OF BASIC PK PARAMETERS:   5
0BASIC PK PARAMETERS (AFTER TRANSLATION):
   BASIC PK PARAMETER NO.  1: ELIMINATION RATE (K)
   BASIC PK PARAMETER NO.  2: CENTRAL-TO-PERIPH. RATE (K23)
   BASIC PK PARAMETER NO.  3: PERIPH.-TO-CENTRAL RATE (K32)
   BASIC PK PARAMETER NO.  5: ABSORPTION RATE (KA)
 TRANSLATOR WILL CONVERT PARAMETERS
 CL, V2, Q, V3 TO K, K23, K32 (TRANS4)
0COMPARTMENT ATTRIBUTES
 COMPT. NO.   FUNCTION   INITIAL    ON/OFF      DOSE      DEFAULT    DEFAULT
                         STATUS     ALLOWED    ALLOWED    FOR DOSE   FOR OBS.
    1         DEPOT        OFF        YES        YES        YES        NO
    2         CENTRAL      ON         NO         YES        NO         YES
    3         PERIPH.      ON         NO         YES        NO         NO
    4         OUTPUT       OFF        YES        NO         NO         NO
1
 ADDITIONAL PK PARAMETERS - ASSIGNMENT OF ROWS IN GG
 COMPT. NO.                             INDICES
              SCALE      BIOAVAIL.   ZERO-ORDER  ZERO-ORDER  ABSORB
                         FRACTION    RATE        DURATION    LAG
    1            *           *           *           *           *
    2            6           *           *           *           *
    3            *           *           *           *           *
    4            *           -           -           -           -
             - PARAMETER IS NOT ALLOWED FOR THIS MODEL
             * PARAMETER IS NOT SUPPLIED BY PK SUBROUTINE;
               WILL DEFAULT TO ONE IF APPLICABLE
0DATA ITEM INDICES USED BY PRED ARE:
   EVENT ID DATA ITEM IS DATA ITEM NO.:      5
   TIME DATA ITEM IS DATA ITEM NO.:          4
   DOSE AMOUNT DATA ITEM IS DATA ITEM NO.:   7
   COMPT. NO. DATA ITEM IS DATA ITEM NO.:    6

0PK SUBROUTINE CALLED WITH EVERY EVENT RECORD.
 PK SUBROUTINE NOT CALLED AT NONEVENT (ADDITIONAL OR LAGGED) DOSE TIMES.
0ERROR SUBROUTINE CALLED WITH EVERY EVENT RECORD.
1


 #TBLN:      1
 #METH: Stochastic Approximation Expectation-Maximization

 ESTIMATION STEP OMITTED:                 NO
 ANALYSIS TYPE:                           POPULATION
 NUMBER OF SADDLE POINT RESET ITERATIONS:      0
 GRADIENT METHOD USED:               NOSLOW
 CONDITIONAL ESTIMATES USED:              YES
 CENTERED ETA:                            NO
 EPS-ETA INTERACTION:                     YES
 LAPLACIAN OBJ. FUNC.:                    NO
 NO. OF FUNCT. EVALS. ALLOWED:            99999
 NO. OF SIG. FIGURES REQUIRED:            3
 INTERMEDIATE PRINTOUT:                   YES
 ESTIMATE OUTPUT TO MSF:                  YES
 ABORT WITH PRED EXIT CODE 1:             NO
 IND. OBJ. FUNC. VALUES SORTED:           NO
 NUMERICAL DERIVATIVE
       FILE REQUEST (NUMDER):               NONE
 MAP (ETAHAT) ESTIMATION METHOD (OPTMAP):   0
 ETA HESSIAN EVALUATION METHOD (ETADER):    0
 INITIAL ETA FOR MAP ESTIMATION (MCETA):    0
 SIGDIGITS FOR MAP ESTIMATION (SIGLO):      100
 GRADIENT SIGDIGITS OF
       FIXED EFFECTS PARAMETERS (SIGL):     100
 NOPRIOR SETTING (NOPRIOR):                 0
 NOCOV SETTING (NOCOV):                     OFF
 DERCONT SETTING (DERCONT):                 OFF
 FINAL ETA RE-EVALUATION (FNLETA):          1
 EXCLUDE NON-INFLUENTIAL (NON-INFL.) ETAS
       IN SHRINKAGE (ETASTYPE):             NO
 NON-INFL. ETA CORRECTION (NONINFETA):      0
 RAW OUTPUT FILE (FILE): psn.ext
 EXCLUDE TITLE (NOTITLE):                   NO
 EXCLUDE COLUMN LABELS (NOLABEL):           NO
 FORMAT FOR ADDITIONAL FILES (FORMAT):      S1PE12.5
 PARAMETER ORDER FOR OUTPUTS (ORDER):       TSOL
 KNUTHSUMOFF:                               0
 INCLUDE LNTWOPI:                           NO
 INCLUDE CONSTANT TERM TO PRIOR (PRIORC):   NO
 INCLUDE CONSTANT TERM TO OMEGA (ETA) (OLNTWOPI):NO
 EM OR BAYESIAN METHOD USED:                STOCHASTIC APPROXIMATION EXPECTATION MAXIMIZATION (SAEM)
 MU MODELING PATTERN (MUM):
 GRADIENT/GIBBS PATTERN (GRD):
 AUTOMATIC SETTING FEATURE (AUTO):          0
 CONVERGENCE TYPE (CTYPE):                  3
 CONVERGENCE INTERVAL (CINTERVAL):          10
 CONVERGENCE ITERATIONS (CITER):            10
 CONVERGENCE ALPHA ERROR (CALPHA):          5.000000000000000E-02
 BURN-IN ITERATIONS (NBURN):                1000
 FIRST ITERATION FOR MAP (MAPITERS):          NO
 ITERATIONS (NITER):                        1000
 ANNEAL SETTING (CONSTRAIN):                 1
 STARTING SEED FOR MC METHODS (SEED):       3442
 MC SAMPLES PER SUBJECT (ISAMPLE):          2
 RANDOM SAMPLING METHOD (RANMETHOD):        3UP
 EXPECTATION ONLY (EONLY):                  0
 PROPOSAL DENSITY SCALING RANGE
              (ISCALE_MIN, ISCALE_MAX):     1.000000000000000E-06   ,1000000.00000000
 SAMPLE ACCEPTANCE RATE (IACCEPT):          0.400000000000000
 METROPOLIS HASTINGS SAMPLING FOR INDIVIDUAL ETAS:
 SAMPLES FOR GLOBAL SEARCH KERNEL (ISAMPLE_M1):          2
 SAMPLES FOR NEIGHBOR SEARCH KERNEL (ISAMPLE_M1A):       0
 SAMPLES FOR MASS/IMP/POST. MATRIX SEARCH (ISAMPLE_M1B): 2
 SAMPLES FOR LOCAL SEARCH KERNEL (ISAMPLE_M2):           2
 SAMPLES FOR LOCAL UNIVARIATE KERNEL (ISAMPLE_M3):       2
 PWR. WT. MASS/IMP/POST MATRIX ACCUM. FOR ETAS (IKAPPA): 1.00000000000000
 MASS/IMP./POST. MATRIX REFRESH SETTING (MASSRESET):      -1


 THE FOLLOWING LABELS ARE EQUIVALENT
 PRED=PREDI
 RES=RESI
 WRES=WRESI
 IWRS=IWRESI
 IPRD=IPREDI
 IRS=IRESI

 EM/BAYES SETUP:
 THETAS THAT ARE MU MODELED:
   2   3
 THETAS THAT ARE SIGMA-LIKE:
 

 MONITORING OF SEARCH:

 Stochastic/Burn-in Mode
 iteration        -1000  SAEMOBJ=   1000.7656000813632
 iteration         -990  SAEMOBJ=  -1967.1908298728301
 iteration         -980  SAEMOBJ=  -2238.3776848279754
 iteration         -970  SAEMOBJ=  -2233.9431248001265
 iteration         -960  SAEMOBJ=  -2273.5926268575672
 iteration         -950  SAEMOBJ=  -2234.7939833985283
 iteration         -940  SAEMOBJ=  -2260.8337507461624
 iteration         -930  SAEMOBJ=  -2265.0891872317734
 iteration         -920  SAEMOBJ=  -2234.5566195156539
 iteration         -910  SAEMOBJ=  -2244.1910761796203
 iteration         -900  SAEMOBJ=  -2254.8437155439665
 iteration         -890  SAEMOBJ=  -2236.7228843313042
 Convergence achieved
 Reduced Stochastic/Accumulation Mode
 iteration            0  SAEMOBJ=  -2249.2225472651048
 iteration           10  SAEMOBJ=  -2265.1825575121297
 iteration           20  SAEMOBJ=  -2265.6464423307270
 iteration           30  SAEMOBJ=  -2266.4118262876154
 iteration           40  SAEMOBJ=  -2265.3607137908289
 iteration           50  SAEMOBJ=  -2265.1724843586112
 iteration           60  SAEMOBJ=  -2265.1651505768473
 iteration           70  SAEMOBJ=  -2265.0921295781909
 iteration           80  SAEMOBJ=  -2265.5840451679906
 iteration           90  SAEMOBJ=  -2265.2910123248075
 iteration          100  SAEMOBJ=  -2265.4862253925216
 iteration          110  SAEMOBJ=  -2265.9855314500196
 iteration          120  SAEMOBJ=  -2266.1358973844312
 iteration          130  SAEMOBJ=  -2266.2629158338564
 iteration          140  SAEMOBJ=  -2266.1906723565417
 iteration          150  SAEMOBJ=  -2266.1557532468419
 iteration          160  SAEMOBJ=  -2266.2550074604510
 iteration          170  SAEMOBJ=  -2266.2502834215429
 iteration          180  SAEMOBJ=  -2266.2684007674657
 iteration          190  SAEMOBJ=  -2266.2671612298650
 iteration          200  SAEMOBJ=  -2266.0945253325017
 iteration          210  SAEMOBJ=  -2266.0706966517059
 iteration          220  SAEMOBJ=  -2266.1404663869980
 iteration          230  SAEMOBJ=  -2266.3266459316892
 iteration          240  SAEMOBJ=  -2266.3162440430533
 iteration          250  SAEMOBJ=  -2266.1894882396973
 iteration          260  SAEMOBJ=  -2266.2207270719391
 iteration          270  SAEMOBJ=  -2266.3167609183506
 iteration          280  SAEMOBJ=  -2266.2942439528838
 iteration          290  SAEMOBJ=  -2266.2835215894333
 iteration          300  SAEMOBJ=  -2266.3501606011623
 iteration          310  SAEMOBJ=  -2266.2632565939166
 iteration          320  SAEMOBJ=  -2266.3109598632400
 iteration          330  SAEMOBJ=  -2266.4155001390077
 iteration          340  SAEMOBJ=  -2266.3679878924718
 iteration          350  SAEMOBJ=  -2266.3271384474906
 iteration          360  SAEMOBJ=  -2266.4496238205593
 iteration          370  SAEMOBJ=  -2266.4979304764047
 iteration          380  SAEMOBJ=  -2266.6565682120295
 iteration          390  SAEMOBJ=  -2266.6462686879727
 iteration          400  SAEMOBJ=  -2266.7154842718319
 iteration          410  SAEMOBJ=  -2266.7350357440409
 iteration          420  SAEMOBJ=  -2266.8635170292491
 iteration          430  SAEMOBJ=  -2266.8295669024287
 iteration          440  SAEMOBJ=  -2266.8740386504905
 iteration          450  SAEMOBJ=  -2266.9724435454909
 iteration          460  SAEMOBJ=  -2266.9110134817961
 iteration          470  SAEMOBJ=  -2266.9436655808854
 iteration          480  SAEMOBJ=  -2266.9805906101542
 iteration          490  SAEMOBJ=  -2267.0124383716657
 iteration          500  SAEMOBJ=  -2267.0010704790661
 iteration          510  SAEMOBJ=  -2267.0559940498301
 iteration          520  SAEMOBJ=  -2267.0062776388941
 iteration          530  SAEMOBJ=  -2267.0424144934427
 iteration          540  SAEMOBJ=  -2267.0933280399586
 iteration          550  SAEMOBJ=  -2267.1290345620355
 iteration          560  SAEMOBJ=  -2267.2103348474511
 iteration          570  SAEMOBJ=  -2267.1722565061023
 iteration          580  SAEMOBJ=  -2267.1381053786426
 iteration          590  SAEMOBJ=  -2267.2085212399525
 iteration          600  SAEMOBJ=  -2267.2723870176915
 iteration          610  SAEMOBJ=  -2267.2824626064462
 iteration          620  SAEMOBJ=  -2267.2923475576195
 iteration          630  SAEMOBJ=  -2267.3429573064245
 iteration          640  SAEMOBJ=  -2267.3327830070907
 iteration          650  SAEMOBJ=  -2267.4600495991867
 iteration          660  SAEMOBJ=  -2267.5103147547693
 iteration          670  SAEMOBJ=  -2267.5137371320989
 iteration          680  SAEMOBJ=  -2267.5330976871201
 iteration          690  SAEMOBJ=  -2267.5503834790015
 iteration          700  SAEMOBJ=  -2267.5472555132046
 iteration          710  SAEMOBJ=  -2267.5526373516532
 iteration          720  SAEMOBJ=  -2267.5638366252497
 iteration          730  SAEMOBJ=  -2267.5390278532655
 iteration          740  SAEMOBJ=  -2267.5069567287651
 iteration          750  SAEMOBJ=  -2267.5202637888583
 iteration          760  SAEMOBJ=  -2267.5619954603449
 iteration          770  SAEMOBJ=  -2267.6009505342108
 iteration          780  SAEMOBJ=  -2267.6490731498593
 iteration          790  SAEMOBJ=  -2267.6650340136207
 iteration          800  SAEMOBJ=  -2267.6626245177008
 iteration          810  SAEMOBJ=  -2267.7053405282049
 iteration          820  SAEMOBJ=  -2267.6972074530117
 iteration          830  SAEMOBJ=  -2267.7083047921451
 iteration          840  SAEMOBJ=  -2267.6749722380787
 iteration          850  SAEMOBJ=  -2267.6484167944250
 iteration          860  SAEMOBJ=  -2267.6733967654609
 iteration          870  SAEMOBJ=  -2267.6568994046484
 iteration          880  SAEMOBJ=  -2267.6507548176410
 iteration          890  SAEMOBJ=  -2267.5974803393274
 iteration          900  SAEMOBJ=  -2267.6328898387642
 iteration          910  SAEMOBJ=  -2267.6945823064752
 iteration          920  SAEMOBJ=  -2267.6998572215493
 iteration          930  SAEMOBJ=  -2267.7082948557222
 iteration          940  SAEMOBJ=  -2267.7618053884635
 iteration          950  SAEMOBJ=  -2267.7291163734317
 iteration          960  SAEMOBJ=  -2267.7280327233261
 iteration          970  SAEMOBJ=  -2267.7080634651015
 iteration          980  SAEMOBJ=  -2267.7188547188939
 iteration          990  SAEMOBJ=  -2267.7323689612767
 iteration         1000  SAEMOBJ=  -2267.7644110405454

 #TERM:
 STOCHASTIC PORTION WAS COMPLETED
 REDUCED STOCHASTIC PORTION WAS COMPLETED

 ETABAR IS THE ARITHMETIC MEAN OF THE ETA-ESTIMATES,
 AND THE P-VALUE IS GIVEN FOR THE NULL HYPOTHESIS THAT THE TRUE MEAN IS 0.

 ETABAR:         0.0000E+00 -9.2379E-06  2.2529E-06  0.0000E+00  0.0000E+00
 SE:             0.0000E+00  4.0670E-02  5.4381E-02  0.0000E+00  0.0000E+00
 N:                       0          90          90           0           0

 P VAL.:         1.0000E+00  9.9982E-01  9.9997E-01  1.0000E+00  1.0000E+00

 ETASHRINKSD(%)  0.0000E+00  7.2733E+00  9.4337E+00  0.0000E+00  0.0000E+00
 ETASHRINKVR(%)  0.0000E+00  1.4018E+01  1.7977E+01  0.0000E+00  0.0000E+00
 EBVSHRINKSD(%)  0.0000E+00  7.2680E+00  9.4390E+00  0.0000E+00  0.0000E+00
 EBVSHRINKVR(%)  0.0000E+00  1.4008E+01  1.7987E+01  0.0000E+00  0.0000E+00
 RELATIVEINF(%)  0.0000E+00  0.0000E+00  0.0000E+00  0.0000E+00  0.0000E+00
 EPSSHRINKSD(%)  1.2309E+01  1.0000E+02
 EPSSHRINKVR(%)  2.3102E+01  1.0000E+02

  
 TOTAL DATA POINTS NORMALLY DISTRIBUTED (N):          641
 N*LOG(2PI) CONSTANT TO OBJECTIVE FUNCTION:    1178.0791995683903     
 OBJECTIVE FUNCTION VALUE WITHOUT CONSTANT:   -2267.7644110405454     
 OBJECTIVE FUNCTION VALUE WITH CONSTANT:      -1089.6852114721551     
 REPORTED OBJECTIVE FUNCTION DOES NOT CONTAIN CONSTANT
  
 TOTAL EFFECTIVE ETAS (NIND*NETA):                           180
 NIND*NETA*LOG(2PI) CONSTANT TO OBJECTIVE FUNCTION:    330.81787195368219     
 OBJECTIVE FUNCTION VALUE WITHOUT CONSTANT:   -2267.7644110405454     
 OBJECTIVE FUNCTION VALUE WITH CONSTANT:      -1936.9465390868631     
 REPORTED OBJECTIVE FUNCTION DOES NOT CONTAIN CONSTANT
  
 #TERE:
 Elapsed estimation  time in seconds:    15.42
 Elapsed covariance  time in seconds:     0.00
1
 
 
 
 
 
 
 
 
 
 
 
 
 
 
 
 
 
 
 
 
 ************************************************************************************************************************
 ********************                                                                                ********************
 ********************                STOCHASTIC APPROXIMATION EXPECTATION-MAXIMIZATION               ********************
 #OBJT:**************                        FINAL VALUE OF LIKELIHOOD FUNCTION                      ********************
 ********************                                                                                ********************
 ************************************************************************************************************************
 





 #OBJV:********************************************    -2267.764       **************************************************
1
 ************************************************************************************************************************
 ********************                                                                                ********************
 ********************                STOCHASTIC APPROXIMATION EXPECTATION-MAXIMIZATION               ********************
 ********************                             FINAL PARAMETER ESTIMATE                           ********************
 ********************                                                                                ********************
 ************************************************************************************************************************
 


 THETA - VECTOR OF FIXED EFFECTS PARAMETERS   *********


         TH 1      TH 2      TH 3      TH 4      TH 5     
 
         8.17E-01  4.33E+00  2.46E+00  5.39E+00  2.22E+00
 


 OMEGA - COV MATRIX FOR RANDOM EFFECTS - ETAS  ********


         ETA1      ETA2      ETA3      ETA4      ETA5     
 
 ETA1
+        0.00E+00
 
 ETA2
+        0.00E+00  1.73E-01
 
 ETA3
+        0.00E+00  0.00E+00  3.24E-01
 
 ETA4
+        0.00E+00  0.00E+00  0.00E+00  0.00E+00
 
 ETA5
+        0.00E+00  0.00E+00  0.00E+00  0.00E+00  0.00E+00
 


 SIGMA - COV MATRIX FOR RANDOM EFFECTS - EPSILONS  ****


         EPS1      EPS2     
 
 EPS1
+        8.09E-02
 
 EPS2
+        0.00E+00  0.00E+00
 
1


 OMEGA - CORR MATRIX FOR RANDOM EFFECTS - ETAS  *******


         ETA1      ETA2      ETA3      ETA4      ETA5     
 
 ETA1
+        0.00E+00
 
 ETA2
+        0.00E+00  4.16E-01
 
 ETA3
+        0.00E+00  0.00E+00  5.70E-01
 
 ETA4
+        0.00E+00  0.00E+00  0.00E+00  0.00E+00
 
 ETA5
+        0.00E+00  0.00E+00  0.00E+00  0.00E+00  0.00E+00
 


 SIGMA - CORR MATRIX FOR RANDOM EFFECTS - EPSILONS  ***


         EPS1      EPS2     
 
 EPS1
+        2.84E-01
 
 EPS2
+        0.00E+00  0.00E+00
 
1
 ************************************************************************************************************************
 ********************                                                                                ********************
 ********************                STOCHASTIC APPROXIMATION EXPECTATION-MAXIMIZATION               ********************
 ********************                          STANDARD ERROR OF ESTIMATE (S)                        ********************
 ********************                                                                                ********************
 ************************************************************************************************************************
 


 THETA - VECTOR OF FIXED EFFECTS PARAMETERS   *********


         TH 1      TH 2      TH 3      TH 4      TH 5     
 
         5.04E-02  5.41E-02  1.62E-01  4.00E-01  1.40E-01
 


 OMEGA - COV MATRIX FOR RANDOM EFFECTS - ETAS  ********


         ETA1      ETA2      ETA3      ETA4      ETA5     
 
 ETA1
+        0.00E+00
 
 ETA2
+        0.00E+00  3.06E-02
 
 ETA3
+        0.00E+00  0.00E+00  1.40E-01
 
 ETA4
+        0.00E+00  0.00E+00  0.00E+00  0.00E+00
 
 ETA5
+        0.00E+00  0.00E+00  0.00E+00  0.00E+00  0.00E+00
 


 SIGMA - COV MATRIX FOR RANDOM EFFECTS - EPSILONS  ****


         EPS1      EPS2     
 
 EPS1
+        5.99E-03
 
 EPS2
+        0.00E+00  0.00E+00
 
1


 OMEGA - CORR MATRIX FOR RANDOM EFFECTS - ETAS  *******


         ETA1      ETA2      ETA3      ETA4      ETA5     
 
 ETA1
+       .........
 
 ETA2
+       .........  3.68E-02
 
 ETA3
+       ......... .........  1.23E-01
 
 ETA4
+       ......... ......... ......... .........
 
 ETA5
+       ......... ......... ......... ......... .........
 


 SIGMA - CORR MATRIX FOR RANDOM EFFECTS - EPSILONS  ***


         EPS1      EPS2     
 
 EPS1
+        1.05E-02
 
 EPS2
+       ......... .........
 
1
 ************************************************************************************************************************
 ********************                                                                                ********************
 ********************                STOCHASTIC APPROXIMATION EXPECTATION-MAXIMIZATION               ********************
 ********************                        COVARIANCE MATRIX OF ESTIMATE (S)                       ********************
 ********************                                                                                ********************
 ************************************************************************************************************************
 

            TH 1      TH 2      TH 3      TH 4      TH 5      OM11      OM12      OM13      OM14      OM15      OM22      OM23  
             OM24      OM25      OM33      OM34      OM35      OM44      OM45      OM55      SG11      SG12      SG22  
 
 TH 1
+        2.54E-03
 
 TH 2
+        1.14E-03  2.93E-03
 
 TH 3
+       -1.58E-03 -2.80E-04  2.63E-02
 
 TH 4
+        4.45E-03  1.99E-03 -5.80E-02  1.60E-01
 
 TH 5
+        1.27E-03  3.41E-04 -2.04E-02  5.35E-02  1.95E-02
 
 OM11
+       ......... ......... ......... ......... ......... .........
 
 OM12
+       ......... ......... ......... ......... ......... ......... .........
 
 OM13
+       ......... ......... ......... ......... ......... ......... ......... .........
 
 OM14
+       ......... ......... ......... ......... ......... ......... ......... ......... .........
 
 OM15
+       ......... ......... ......... ......... ......... ......... ......... ......... ......... .........
 
 OM22
+       -7.59E-05  2.59E-04 -1.10E-04  3.80E-04  1.43E-04  0.00E+00  0.00E+00  0.00E+00  0.00E+00  0.00E+00  9.36E-04
 
 OM23
+       ......... ......... ......... ......... ......... ......... ......... ......... ......... ......... ......... .........
 
 OM24
+       ......... ......... ......... ......... ......... ......... ......... ......... ......... ......... ......... .........
         .........
 
 OM25
+       ......... ......... ......... ......... ......... ......... ......... ......... ......... ......... ......... .........
         ......... .........
 
 OM33
+        1.74E-03  5.42E-04 -1.77E-02  5.06E-02  1.71E-02  0.00E+00  0.00E+00  0.00E+00  0.00E+00  0.00E+00  3.48E-04  0.00E+00
          0.00E+00  0.00E+00  1.96E-02
 
 OM34
+       ......... ......... ......... ......... ......... ......... ......... ......... ......... ......... ......... .........
         ......... ......... ......... .........
 
 OM35
+       ......... ......... ......... ......... ......... ......... ......... ......... ......... ......... ......... .........
         ......... ......... ......... ......... .........
 
 OM44
+       ......... ......... ......... ......... ......... ......... ......... ......... ......... ......... ......... .........
         ......... ......... ......... ......... ......... .........
 
 OM45
+       ......... ......... ......... ......... ......... ......... ......... ......... ......... ......... ......... .........
         ......... ......... ......... ......... ......... ......... .........
 
1

            TH 1      TH 2      TH 3      TH 4      TH 5      OM11      OM12      OM13      OM14      OM15      OM22      OM23  
             OM24      OM25      OM33      OM34      OM35      OM44      OM45      OM55      SG11      SG12      SG22  
 
 OM55
+       ......... ......... ......... ......... ......... ......... ......... ......... ......... ......... ......... .........
         ......... ......... ......... ......... ......... ......... ......... .........
 
 SG11
+       -2.94E-05 -3.56E-05  6.72E-06 -3.98E-05  6.44E-05  0.00E+00  0.00E+00  0.00E+00  0.00E+00  0.00E+00 -1.45E-05  0.00E+00
          0.00E+00  0.00E+00 -9.06E-05  0.00E+00  0.00E+00  0.00E+00  0.00E+00  0.00E+00  3.58E-05
 
 SG12
+       ......... ......... ......... ......... ......... ......... ......... ......... ......... ......... ......... .........
         ......... ......... ......... ......... ......... ......... ......... ......... ......... .........
 
 SG22
+       ......... ......... ......... ......... ......... ......... ......... ......... ......... ......... ......... .........
         ......... ......... ......... ......... ......... ......... ......... ......... ......... ......... .........
 
1
 ************************************************************************************************************************
 ********************                                                                                ********************
 ********************                STOCHASTIC APPROXIMATION EXPECTATION-MAXIMIZATION               ********************
 ********************                        CORRELATION MATRIX OF ESTIMATE (S)                      ********************
 ********************                                                                                ********************
 ************************************************************************************************************************
 

            TH 1      TH 2      TH 3      TH 4      TH 5      OM11      OM12      OM13      OM14      OM15      OM22      OM23  
             OM24      OM25      OM33      OM34      OM35      OM44      OM45      OM55      SG11      SG12      SG22  
 
 TH 1
+        5.04E-02
 
 TH 2
+        4.16E-01  5.41E-02
 
 TH 3
+       -1.93E-01 -3.19E-02  1.62E-01
 
 TH 4
+        2.21E-01  9.19E-02 -8.94E-01  4.00E-01
 
 TH 5
+        1.80E-01  4.51E-02 -8.98E-01  9.58E-01  1.40E-01
 
 OM11
+       ......... ......... ......... ......... ......... .........
 
 OM12
+       ......... ......... ......... ......... ......... ......... .........
 
 OM13
+       ......... ......... ......... ......... ......... ......... ......... .........
 
 OM14
+       ......... ......... ......... ......... ......... ......... ......... ......... .........
 
 OM15
+       ......... ......... ......... ......... ......... ......... ......... ......... ......... .........
 
 OM22
+       -4.93E-02  1.56E-01 -2.21E-02  3.11E-02  3.35E-02  0.00E+00  0.00E+00  0.00E+00  0.00E+00  0.00E+00  3.06E-02
 
 OM23
+       ......... ......... ......... ......... ......... ......... ......... ......... ......... ......... ......... .........
 
 OM24
+       ......... ......... ......... ......... ......... ......... ......... ......... ......... ......... ......... .........
         .........
 
 OM25
+       ......... ......... ......... ......... ......... ......... ......... ......... ......... ......... ......... .........
         ......... .........
 
 OM33
+        2.46E-01  7.15E-02 -7.79E-01  9.04E-01  8.74E-01  0.00E+00  0.00E+00  0.00E+00  0.00E+00  0.00E+00  8.13E-02  0.00E+00
          0.00E+00  0.00E+00  1.40E-01
 
 OM34
+       ......... ......... ......... ......... ......... ......... ......... ......... ......... ......... ......... .........
         ......... ......... ......... .........
 
 OM35
+       ......... ......... ......... ......... ......... ......... ......... ......... ......... ......... ......... .........
         ......... ......... ......... ......... .........
 
 OM44
+       ......... ......... ......... ......... ......... ......... ......... ......... ......... ......... ......... .........
         ......... ......... ......... ......... ......... .........
 
 OM45
+       ......... ......... ......... ......... ......... ......... ......... ......... ......... ......... ......... .........
         ......... ......... ......... ......... ......... ......... .........
 
1

            TH 1      TH 2      TH 3      TH 4      TH 5      OM11      OM12      OM13      OM14      OM15      OM22      OM23  
             OM24      OM25      OM33      OM34      OM35      OM44      OM45      OM55      SG11      SG12      SG22  
 
 OM55
+       ......... ......... ......... ......... ......... ......... ......... ......... ......... ......... ......... .........
         ......... ......... ......... ......... ......... ......... ......... .........
 
 SG11
+       -9.76E-02 -1.10E-01  6.92E-03 -1.66E-02  7.69E-02  0.00E+00  0.00E+00  0.00E+00  0.00E+00  0.00E+00 -7.92E-02  0.00E+00
          0.00E+00  0.00E+00 -1.08E-01  0.00E+00  0.00E+00  0.00E+00  0.00E+00  0.00E+00  5.99E-03
 
 SG12
+       ......... ......... ......... ......... ......... ......... ......... ......... ......... ......... ......... .........
         ......... ......... ......... ......... ......... ......... ......... ......... ......... .........
 
 SG22
+       ......... ......... ......... ......... ......... ......... ......... ......... ......... ......... ......... .........
         ......... ......... ......... ......... ......... ......... ......... ......... ......... ......... .........
 
1
 ************************************************************************************************************************
 ********************                                                                                ********************
 ********************                STOCHASTIC APPROXIMATION EXPECTATION-MAXIMIZATION               ********************
 ********************                    INVERSE COVARIANCE MATRIX OF ESTIMATE (S)                   ********************
 ********************                                                                                ********************
 ************************************************************************************************************************
 

            TH 1      TH 2      TH 3      TH 4      TH 5      OM11      OM12      OM13      OM14      OM15      OM22      OM23  
             OM24      OM25      OM33      OM34      OM35      OM44      OM45      OM55      SG11      SG12      SG22  
 
 TH 1
+        5.25E+02
 
 TH 2
+       -2.06E+02  4.47E+02
 
 TH 3
+        3.11E+01 -3.67E+01  2.27E+02
 
 TH 4
+        2.62E+00 -3.71E+01  4.91E+01  1.16E+02
 
 TH 5
+        5.44E+01  2.44E+01  1.58E+02 -1.90E+02  8.35E+02
 
 OM11
+       ......... ......... ......... ......... ......... .........
 
 OM12
+       ......... ......... ......... ......... ......... ......... .........
 
 OM13
+       ......... ......... ......... ......... ......... ......... ......... .........
 
 OM14
+       ......... ......... ......... ......... ......... ......... ......... ......... .........
 
 OM15
+       ......... ......... ......... ......... ......... ......... ......... ......... ......... .........
 
 OM22
+        1.20E+02 -1.48E+02  1.19E+01  3.46E+01 -2.43E+01  0.00E+00  0.00E+00  0.00E+00  0.00E+00  0.00E+00  1.15E+03
 
 OM23
+       ......... ......... ......... ......... ......... ......... ......... ......... ......... ......... ......... .........
 
 OM24
+       ......... ......... ......... ......... ......... ......... ......... ......... ......... ......... ......... .........
         .........
 
 OM25
+       ......... ......... ......... ......... ......... ......... ......... ......... ......... ......... ......... .........
         ......... .........
 
 OM33
+       -6.91E+01  5.12E+01 -6.28E+01 -8.91E+01 -1.08E+02  0.00E+00  0.00E+00  0.00E+00  0.00E+00  0.00E+00 -8.29E+01  0.00E+00
          0.00E+00  0.00E+00  3.29E+02
 
 OM34
+       ......... ......... ......... ......... ......... ......... ......... ......... ......... ......... ......... .........
         ......... ......... ......... .........
 
 OM35
+       ......... ......... ......... ......... ......... ......... ......... ......... ......... ......... ......... .........
         ......... ......... ......... ......... .........
 
 OM44
+       ......... ......... ......... ......... ......... ......... ......... ......... ......... ......... ......... .........
         ......... ......... ......... ......... ......... .........
 
 OM45
+       ......... ......... ......... ......... ......... ......... ......... ......... ......... ......... ......... .........
         ......... ......... ......... ......... ......... ......... .........
 
1

            TH 1      TH 2      TH 3      TH 4      TH 5      OM11      OM12      OM13      OM14      OM15      OM22      OM23  
             OM24      OM25      OM33      OM34      OM35      OM44      OM45      OM55      SG11      SG12      SG22  
 
 OM55
+       ......... ......... ......... ......... ......... ......... ......... ......... ......... ......... ......... .........
         ......... ......... ......... ......... ......... ......... ......... .........
 
 SG11
+       -5.25E-01  2.66E+02 -4.36E+02  2.16E+02 -1.95E+03  0.00E+00  0.00E+00  0.00E+00  0.00E+00  0.00E+00  2.85E+02  0.00E+00
          0.00E+00  0.00E+00  8.99E+02  0.00E+00  0.00E+00  0.00E+00  0.00E+00  0.00E+00  3.44E+04
 
 SG12
+       ......... ......... ......... ......... ......... ......... ......... ......... ......... ......... ......... .........
         ......... ......... ......... ......... ......... ......... ......... ......... ......... .........
 
 SG22
+       ......... ......... ......... ......... ......... ......... ......... ......... ......... ......... ......... .........
         ......... ......... ......... ......... ......... ......... ......... ......... ......... ......... .........
 
1
 
 
 
 
 
 
 
 
 
 
 
 
 
 
 
 
 
 
 
 
 ************************************************************************************************************************
 ********************                                                                                ********************
 ********************                STOCHASTIC APPROXIMATION EXPECTATION-MAXIMIZATION               ********************
 ********************                    EIGENVALUES OF COR MATRIX OF ESTIMATE (S)                   ********************
 ********************                                                                                ********************
 ************************************************************************************************************************
 

             1         2         3         4         5         6         7         8
 
         3.51E-02  7.05E-02  2.12E-01  5.24E-01  9.36E-01  1.05E+00  1.43E+00  3.74E+00
 
1


 #TBLN:      2
 #METH: Objective Function Evaluation by Importance Sampling

 ESTIMATION STEP OMITTED:                 NO
 ANALYSIS TYPE:                           POPULATION
 NUMBER OF SADDLE POINT RESET ITERATIONS:      0
 GRADIENT METHOD USED:               NOSLOW
 CONDITIONAL ESTIMATES USED:              YES
 CENTERED ETA:                            NO
 EPS-ETA INTERACTION:                     YES
 LAPLACIAN OBJ. FUNC.:                    NO
 NO. OF FUNCT. EVALS. ALLOWED:            99999
 NO. OF SIG. FIGURES REQUIRED:            3
 INTERMEDIATE PRINTOUT:                   YES
 ESTIMATE OUTPUT TO MSF:                  YES
 ABORT WITH PRED EXIT CODE 1:             NO
 IND. OBJ. FUNC. VALUES SORTED:           NO
 NUMERICAL DERIVATIVE
       FILE REQUEST (NUMDER):               NONE
 MAP (ETAHAT) ESTIMATION METHOD (OPTMAP):   0
 ETA HESSIAN EVALUATION METHOD (ETADER):    0
 INITIAL ETA FOR MAP ESTIMATION (MCETA):    0
 SIGDIGITS FOR MAP ESTIMATION (SIGLO):      100
 GRADIENT SIGDIGITS OF
       FIXED EFFECTS PARAMETERS (SIGL):     100
 NOPRIOR SETTING (NOPRIOR):                 0
 NOCOV SETTING (NOCOV):                     OFF
 DERCONT SETTING (DERCONT):                 OFF
 FINAL ETA RE-EVALUATION (FNLETA):          1
 EXCLUDE NON-INFLUENTIAL (NON-INFL.) ETAS
       IN SHRINKAGE (ETASTYPE):             NO
 NON-INFL. ETA CORRECTION (NONINFETA):      0
 RAW OUTPUT FILE (FILE): psn.ext
 EXCLUDE TITLE (NOTITLE):                   NO
 EXCLUDE COLUMN LABELS (NOLABEL):           NO
 FORMAT FOR ADDITIONAL FILES (FORMAT):      S1PE12.5
 PARAMETER ORDER FOR OUTPUTS (ORDER):       TSOL
 KNUTHSUMOFF:                               0
 INCLUDE LNTWOPI:                           NO
 INCLUDE CONSTANT TERM TO PRIOR (PRIORC):   NO
 INCLUDE CONSTANT TERM TO OMEGA (ETA) (OLNTWOPI):NO
 EM OR BAYESIAN METHOD USED:                IMPORTANCE SAMPLING (IMP)
 MU MODELING PATTERN (MUM):
 GRADIENT/GIBBS PATTERN (GRD):
 AUTOMATIC SETTING FEATURE (AUTO):          0
 CONVERGENCE TYPE (CTYPE):                  3
 CONVERGENCE INTERVAL (CINTERVAL):          1
 CONVERGENCE ITERATIONS (CITER):            10
 CONVERGENCE ALPHA ERROR (CALPHA):          5.000000000000000E-02
 ITERATIONS (NITER):                        20
 ANNEAL SETTING (CONSTRAIN):                 1
 STARTING SEED FOR MC METHODS (SEED):       3442
 MC SAMPLES PER SUBJECT (ISAMPLE):          5000
 RANDOM SAMPLING METHOD (RANMETHOD):        3UP
 EXPECTATION ONLY (EONLY):                  1
 PROPOSAL DENSITY SCALING RANGE
              (ISCALE_MIN, ISCALE_MAX):     0.100000000000000       ,10.0000000000000
 SAMPLE ACCEPTANCE RATE (IACCEPT):          0.400000000000000
 LONG TAIL SAMPLE ACCEPT. RATE (IACCEPTL):   0.00000000000000
 T-DIST. PROPOSAL DENSITY (DF):             0
 NO. ITERATIONS FOR MAP (MAPITER):          1
 INTERVAL ITER. FOR MAP (MAPINTER):         0
 MAP COVARIANCE/MODE SETTING (MAPCOV):      1
 Gradient Quick Value (GRDQ):               0.00000000000000


 THE FOLLOWING LABELS ARE EQUIVALENT
 PRED=PREDI
 RES=RESI
 WRES=WRESI
 IWRS=IWRESI
 IPRD=IPREDI
 IRS=IRESI

 EM/BAYES SETUP:
 THETAS THAT ARE MU MODELED:
   2   3
 THETAS THAT ARE SIGMA-LIKE:
 

 MONITORING OF SEARCH:

 iteration            0  OBJ=  -1722.3565236508950 eff.=    5605. Smpl.=    5000. Fit.= 0.94087
 iteration            1  OBJ=  -1723.1797531926259 eff.=    1782. Smpl.=    5000. Fit.= 0.79204
 iteration            2  OBJ=  -1723.2019289227953 eff.=    1885. Smpl.=    5000. Fit.= 0.80508
 iteration            3  OBJ=  -1722.6876758922451 eff.=    1990. Smpl.=    5000. Fit.= 0.81447
 iteration            4  OBJ=  -1722.7050314254682 eff.=    1984. Smpl.=    5000. Fit.= 0.81441
 iteration            5  OBJ=  -1722.6737413706428 eff.=    2009. Smpl.=    5000. Fit.= 0.81545
 iteration            6  OBJ=  -1722.7781526380691 eff.=    2002. Smpl.=    5000. Fit.= 0.81551
 iteration            7  OBJ=  -1722.6489017315375 eff.=    2006. Smpl.=    5000. Fit.= 0.81550
 iteration            8  OBJ=  -1722.7996688639232 eff.=    2001. Smpl.=    5000. Fit.= 0.81535
 iteration            9  OBJ=  -1723.0225964800356 eff.=    2008. Smpl.=    5000. Fit.= 0.81540
 iteration           10  OBJ=  -1722.7680836600814 eff.=    1995. Smpl.=    5000. Fit.= 0.81466
 iteration           11  OBJ=  -1723.1435973774801 eff.=    2004. Smpl.=    5000. Fit.= 0.81542
 Convergence achieved
 iteration           11  OBJ=  -1722.3475465844992 eff.=    1991. Smpl.=    5000. Fit.= 0.81487

 #TERM:
 EXPECTATION ONLY PROCESS WAS COMPLETED


 ETABAR IS THE ARITHMETIC MEAN OF THE ETA-ESTIMATES,
 AND THE P-VALUE IS GIVEN FOR THE NULL HYPOTHESIS THAT THE TRUE MEAN IS 0.

 ETABAR:         0.0000E+00 -1.3627E-03  1.9114E-03  0.0000E+00  0.0000E+00
 SE:             0.0000E+00  4.0588E-02  5.4295E-02  0.0000E+00  0.0000E+00
 N:                       0          90          90           0           0

 P VAL.:         1.0000E+00  9.7322E-01  9.7192E-01  1.0000E+00  1.0000E+00

 ETASHRINKSD(%)  0.0000E+00  7.4602E+00  9.5772E+00  0.0000E+00  0.0000E+00
 ETASHRINKVR(%)  0.0000E+00  1.4364E+01  1.8237E+01  0.0000E+00  0.0000E+00
 EBVSHRINKSD(%)  0.0000E+00  7.3415E+00  9.3505E+00  0.0000E+00  0.0000E+00
 EBVSHRINKVR(%)  0.0000E+00  1.4144E+01  1.7827E+01  0.0000E+00  0.0000E+00
 RELATIVEINF(%)  0.0000E+00  0.0000E+00  0.0000E+00  0.0000E+00  0.0000E+00
 EPSSHRINKSD(%)  1.2254E+01  1.0000E+02
 EPSSHRINKVR(%)  2.3006E+01  1.0000E+02

  
 TOTAL DATA POINTS NORMALLY DISTRIBUTED (N):          641
 N*LOG(2PI) CONSTANT TO OBJECTIVE FUNCTION:    1178.0791995683903     
 OBJECTIVE FUNCTION VALUE WITHOUT CONSTANT:   -1722.3475465844992     
 OBJECTIVE FUNCTION VALUE WITH CONSTANT:      -544.26834701610892     
 REPORTED OBJECTIVE FUNCTION DOES NOT CONTAIN CONSTANT
  
 TOTAL EFFECTIVE ETAS (NIND*NETA):                           180
  
 #TERE:
 Elapsed estimation  time in seconds:    24.80
 Elapsed covariance  time in seconds:   105.21
1
 
 
 
 
 
 
 
 
 
 
 
 
 
 
 
 
 
 
 
 
 ************************************************************************************************************************
 ********************                                                                                ********************
 ********************               OBJECTIVE FUNCTION EVALUATION BY IMPORTANCE SAMPLING             ********************
 #OBJT:**************                        FINAL VALUE OF OBJECTIVE FUNCTION                       ********************
 ********************                                                                                ********************
 ************************************************************************************************************************
 





 #OBJV:********************************************    -1722.348       **************************************************
1
 ************************************************************************************************************************
 ********************                                                                                ********************
 ********************               OBJECTIVE FUNCTION EVALUATION BY IMPORTANCE SAMPLING             ********************
 ********************                             FINAL PARAMETER ESTIMATE                           ********************
 ********************                                                                                ********************
 ************************************************************************************************************************
 


 THETA - VECTOR OF FIXED EFFECTS PARAMETERS   *********


         TH 1      TH 2      TH 3      TH 4      TH 5     
 
         8.17E-01  4.33E+00  2.46E+00  5.39E+00  2.22E+00
 


 OMEGA - COV MATRIX FOR RANDOM EFFECTS - ETAS  ********


         ETA1      ETA2      ETA3      ETA4      ETA5     
 
 ETA1
+        0.00E+00
 
 ETA2
+        0.00E+00  1.73E-01
 
 ETA3
+        0.00E+00  0.00E+00  3.24E-01
 
 ETA4
+        0.00E+00  0.00E+00  0.00E+00  0.00E+00
 
 ETA5
+        0.00E+00  0.00E+00  0.00E+00  0.00E+00  0.00E+00
 


 SIGMA - COV MATRIX FOR RANDOM EFFECTS - EPSILONS  ****


         EPS1      EPS2     
 
 EPS1
+        8.09E-02
 
 EPS2
+        0.00E+00  0.00E+00
 
1


 OMEGA - CORR MATRIX FOR RANDOM EFFECTS - ETAS  *******


         ETA1      ETA2      ETA3      ETA4      ETA5     
 
 ETA1
+        0.00E+00
 
 ETA2
+        0.00E+00  4.16E-01
 
 ETA3
+        0.00E+00  0.00E+00  5.70E-01
 
 ETA4
+        0.00E+00  0.00E+00  0.00E+00  0.00E+00
 
 ETA5
+        0.00E+00  0.00E+00  0.00E+00  0.00E+00  0.00E+00
 


 SIGMA - CORR MATRIX FOR RANDOM EFFECTS - EPSILONS  ***


         EPS1      EPS2     
 
 EPS1
+        2.84E-01
 
 EPS2
+        0.00E+00  0.00E+00
 
1
 ************************************************************************************************************************
 ********************                                                                                ********************
 ********************               OBJECTIVE FUNCTION EVALUATION BY IMPORTANCE SAMPLING             ********************
 ********************                         STANDARD ERROR OF ESTIMATE (RSR)                       ********************
 ********************                                                                                ********************
 ************************************************************************************************************************
 


 THETA - VECTOR OF FIXED EFFECTS PARAMETERS   *********


         TH 1      TH 2      TH 3      TH 4      TH 5     
 
         6.49E-02  5.85E-02  1.09E-01  2.77E-01  7.73E-02
 


 OMEGA - COV MATRIX FOR RANDOM EFFECTS - ETAS  ********


         ETA1      ETA2      ETA3      ETA4      ETA5     
 
 ETA1
+        0.00E+00
 
 ETA2
+        0.00E+00  3.25E-02
 
 ETA3
+        0.00E+00  0.00E+00  5.18E-02
 
 ETA4
+        0.00E+00  0.00E+00  0.00E+00  0.00E+00
 
 ETA5
+        0.00E+00  0.00E+00  0.00E+00  0.00E+00  0.00E+00
 


 SIGMA - COV MATRIX FOR RANDOM EFFECTS - EPSILONS  ****


         EPS1      EPS2     
 
 EPS1
+        5.45E-03
 
 EPS2
+        0.00E+00  0.00E+00
 
1


 OMEGA - CORR MATRIX FOR RANDOM EFFECTS - ETAS  *******


         ETA1      ETA2      ETA3      ETA4      ETA5     
 
 ETA1
+       .........
 
 ETA2
+       .........  3.91E-02
 
 ETA3
+       ......... .........  4.55E-02
 
 ETA4
+       ......... ......... ......... .........
 
 ETA5
+       ......... ......... ......... ......... .........
 


 SIGMA - CORR MATRIX FOR RANDOM EFFECTS - EPSILONS  ***


         EPS1      EPS2     
 
 EPS1
+        9.57E-03
 
 EPS2
+       ......... .........
 
1
 ************************************************************************************************************************
 ********************                                                                                ********************
 ********************               OBJECTIVE FUNCTION EVALUATION BY IMPORTANCE SAMPLING             ********************
 ********************                       COVARIANCE MATRIX OF ESTIMATE (RSR)                      ********************
 ********************                                                                                ********************
 ************************************************************************************************************************
 

            TH 1      TH 2      TH 3      TH 4      TH 5      OM11      OM12      OM13      OM14      OM15      OM22      OM23  
             OM24      OM25      OM33      OM34      OM35      OM44      OM45      OM55      SG11      SG12      SG22  
 
 TH 1
+        4.21E-03
 
 TH 2
+        2.17E-03  3.42E-03
 
 TH 3
+       -2.67E-03 -2.08E-03  1.20E-02
 
 TH 4
+        8.02E-03  5.14E-03 -2.43E-02  7.68E-02
 
 TH 5
+        1.11E-03  8.68E-04 -4.86E-03  1.74E-02  5.97E-03
 
 OM11
+       ......... ......... ......... ......... ......... .........
 
 OM12
+       ......... ......... ......... ......... ......... ......... .........
 
 OM13
+       ......... ......... ......... ......... ......... ......... ......... .........
 
 OM14
+       ......... ......... ......... ......... ......... ......... ......... ......... .........
 
 OM15
+       ......... ......... ......... ......... ......... ......... ......... ......... ......... .........
 
 OM22
+       -4.17E-04 -5.38E-04  6.85E-04 -2.20E-03 -6.61E-04  0.00E+00  0.00E+00  0.00E+00  0.00E+00  0.00E+00  1.06E-03
 
 OM23
+       ......... ......... ......... ......... ......... ......... ......... ......... ......... ......... ......... .........
 
 OM24
+       ......... ......... ......... ......... ......... ......... ......... ......... ......... ......... ......... .........
         .........
 
 OM25
+       ......... ......... ......... ......... ......... ......... ......... ......... ......... ......... ......... .........
         ......... .........
 
 OM33
+        6.60E-04  9.10E-04 -2.30E-03  4.43E-03  7.28E-04  0.00E+00  0.00E+00  0.00E+00  0.00E+00  0.00E+00 -6.15E-04  0.00E+00
          0.00E+00  0.00E+00  2.68E-03
 
 OM34
+       ......... ......... ......... ......... ......... ......... ......... ......... ......... ......... ......... .........
         ......... ......... ......... .........
 
 OM35
+       ......... ......... ......... ......... ......... ......... ......... ......... ......... ......... ......... .........
         ......... ......... ......... ......... .........
 
 OM44
+       ......... ......... ......... ......... ......... ......... ......... ......... ......... ......... ......... .........
         ......... ......... ......... ......... ......... .........
 
 OM45
+       ......... ......... ......... ......... ......... ......... ......... ......... ......... ......... ......... .........
         ......... ......... ......... ......... ......... ......... .........
 
1

            TH 1      TH 2      TH 3      TH 4      TH 5      OM11      OM12      OM13      OM14      OM15      OM22      OM23  
             OM24      OM25      OM33      OM34      OM35      OM44      OM45      OM55      SG11      SG12      SG22  
 
 OM55
+       ......... ......... ......... ......... ......... ......... ......... ......... ......... ......... ......... .........
         ......... ......... ......... ......... ......... ......... ......... .........
 
 SG11
+        9.76E-05  1.08E-04 -1.04E-04  2.87E-04  3.61E-05  0.00E+00  0.00E+00  0.00E+00  0.00E+00  0.00E+00 -1.54E-05  0.00E+00
          0.00E+00  0.00E+00  7.97E-05  0.00E+00  0.00E+00  0.00E+00  0.00E+00  0.00E+00  2.97E-05
 
 SG12
+       ......... ......... ......... ......... ......... ......... ......... ......... ......... ......... ......... .........
         ......... ......... ......... ......... ......... ......... ......... ......... ......... .........
 
 SG22
+       ......... ......... ......... ......... ......... ......... ......... ......... ......... ......... ......... .........
         ......... ......... ......... ......... ......... ......... ......... ......... ......... ......... .........
 
1
 ************************************************************************************************************************
 ********************                                                                                ********************
 ********************               OBJECTIVE FUNCTION EVALUATION BY IMPORTANCE SAMPLING             ********************
 ********************                       CORRELATION MATRIX OF ESTIMATE (RSR)                     ********************
 ********************                                                                                ********************
 ************************************************************************************************************************
 

            TH 1      TH 2      TH 3      TH 4      TH 5      OM11      OM12      OM13      OM14      OM15      OM22      OM23  
             OM24      OM25      OM33      OM34      OM35      OM44      OM45      OM55      SG11      SG12      SG22  
 
 TH 1
+        6.49E-02
 
 TH 2
+        5.71E-01  5.85E-02
 
 TH 3
+       -3.76E-01 -3.26E-01  1.09E-01
 
 TH 4
+        4.46E-01  3.17E-01 -8.02E-01  2.77E-01
 
 TH 5
+        2.22E-01  1.92E-01 -5.75E-01  8.15E-01  7.73E-02
 
 OM11
+       ......... ......... ......... ......... ......... .........
 
 OM12
+       ......... ......... ......... ......... ......... ......... .........
 
 OM13
+       ......... ......... ......... ......... ......... ......... ......... .........
 
 OM14
+       ......... ......... ......... ......... ......... ......... ......... ......... .........
 
 OM15
+       ......... ......... ......... ......... ......... ......... ......... ......... ......... .........
 
 OM22
+       -1.98E-01 -2.83E-01  1.93E-01 -2.45E-01 -2.63E-01  0.00E+00  0.00E+00  0.00E+00  0.00E+00  0.00E+00  3.25E-02
 
 OM23
+       ......... ......... ......... ......... ......... ......... ......... ......... ......... ......... ......... .........
 
 OM24
+       ......... ......... ......... ......... ......... ......... ......... ......... ......... ......... ......... .........
         .........
 
 OM25
+       ......... ......... ......... ......... ......... ......... ......... ......... ......... ......... ......... .........
         ......... .........
 
 OM33
+        1.96E-01  3.00E-01 -4.06E-01  3.09E-01  1.82E-01  0.00E+00  0.00E+00  0.00E+00  0.00E+00  0.00E+00 -3.65E-01  0.00E+00
          0.00E+00  0.00E+00  5.18E-02
 
 OM34
+       ......... ......... ......... ......... ......... ......... ......... ......... ......... ......... ......... .........
         ......... ......... ......... .........
 
 OM35
+       ......... ......... ......... ......... ......... ......... ......... ......... ......... ......... ......... .........
         ......... ......... ......... ......... .........
 
 OM44
+       ......... ......... ......... ......... ......... ......... ......... ......... ......... ......... ......... .........
         ......... ......... ......... ......... ......... .........
 
 OM45
+       ......... ......... ......... ......... ......... ......... ......... ......... ......... ......... ......... .........
         ......... ......... ......... ......... ......... ......... .........
 
1

            TH 1      TH 2      TH 3      TH 4      TH 5      OM11      OM12      OM13      OM14      OM15      OM22      OM23  
             OM24      OM25      OM33      OM34      OM35      OM44      OM45      OM55      SG11      SG12      SG22  
 
 OM55
+       ......... ......... ......... ......... ......... ......... ......... ......... ......... ......... ......... .........
         ......... ......... ......... ......... ......... ......... ......... .........
 
 SG11
+        2.76E-01  3.38E-01 -1.75E-01  1.90E-01  8.59E-02  0.00E+00  0.00E+00  0.00E+00  0.00E+00  0.00E+00 -8.68E-02  0.00E+00
          0.00E+00  0.00E+00  2.82E-01  0.00E+00  0.00E+00  0.00E+00  0.00E+00  0.00E+00  5.45E-03
 
 SG12
+       ......... ......... ......... ......... ......... ......... ......... ......... ......... ......... ......... .........
         ......... ......... ......... ......... ......... ......... ......... ......... ......... .........
 
 SG22
+       ......... ......... ......... ......... ......... ......... ......... ......... ......... ......... ......... .........
         ......... ......... ......... ......... ......... ......... ......... ......... ......... ......... .........
 
1
 ************************************************************************************************************************
 ********************                                                                                ********************
 ********************               OBJECTIVE FUNCTION EVALUATION BY IMPORTANCE SAMPLING             ********************
 ********************                   INVERSE COVARIANCE MATRIX OF ESTIMATE (RSR)                  ********************
 ********************                                                                                ********************
 ************************************************************************************************************************
 

            TH 1      TH 2      TH 3      TH 4      TH 5      OM11      OM12      OM13      OM14      OM15      OM22      OM23  
             OM24      OM25      OM33      OM34      OM35      OM44      OM45      OM55      SG11      SG12      SG22  
 
 TH 1
+        4.33E+02
 
 TH 2
+       -2.14E+02  4.92E+02
 
 TH 3
+       -2.29E+01  3.73E+01  2.70E+02
 
 TH 4
+       -6.86E+01  1.65E+01  1.00E+02  9.03E+01
 
 TH 5
+        1.33E+02 -2.50E+01 -7.86E+01 -1.72E+02  5.91E+02
 
 OM11
+       ......... ......... ......... ......... ......... .........
 
 OM12
+       ......... ......... ......... ......... ......... ......... .........
 
 OM13
+       ......... ......... ......... ......... ......... ......... ......... .........
 
 OM14
+       ......... ......... ......... ......... ......... ......... ......... ......... .........
 
 OM15
+       ......... ......... ......... ......... ......... ......... ......... ......... ......... .........
 
 OM22
+        3.65E+01  1.19E+02  4.79E+01 -6.26E+00  1.38E+02  0.00E+00  0.00E+00  0.00E+00  0.00E+00  0.00E+00  1.20E+03
 
 OM23
+       ......... ......... ......... ......... ......... ......... ......... ......... ......... ......... ......... .........
 
 OM24
+       ......... ......... ......... ......... ......... ......... ......... ......... ......... ......... ......... .........
         .........
 
 OM25
+       ......... ......... ......... ......... ......... ......... ......... ......... ......... ......... ......... .........
         ......... .........
 
 OM33
+        4.16E+01 -4.92E+01  9.83E+01 -2.91E+00  5.63E+01  0.00E+00  0.00E+00  0.00E+00  0.00E+00  0.00E+00  2.57E+02  0.00E+00
          0.00E+00  0.00E+00  5.41E+02
 
 OM34
+       ......... ......... ......... ......... ......... ......... ......... ......... ......... ......... ......... .........
         ......... ......... ......... .........
 
 OM35
+       ......... ......... ......... ......... ......... ......... ......... ......... ......... ......... ......... .........
         ......... ......... ......... ......... .........
 
 OM44
+       ......... ......... ......... ......... ......... ......... ......... ......... ......... ......... ......... .........
         ......... ......... ......... ......... ......... .........
 
 OM45
+       ......... ......... ......... ......... ......... ......... ......... ......... ......... ......... ......... .........
         ......... ......... ......... ......... ......... ......... .........
 
1

            TH 1      TH 2      TH 3      TH 4      TH 5      OM11      OM12      OM13      OM14      OM15      OM22      OM23  
             OM24      OM25      OM33      OM34      OM35      OM44      OM45      OM55      SG11      SG12      SG22  
 
 OM55
+       ......... ......... ......... ......... ......... ......... ......... ......... ......... ......... ......... .........
         ......... ......... ......... ......... ......... ......... ......... .........
 
 SG11
+       -3.20E+02 -8.87E+02 -2.20E+02 -1.43E+02  2.37E+02  0.00E+00  0.00E+00  0.00E+00  0.00E+00  0.00E+00 -5.59E+02  0.00E+00
          0.00E+00  0.00E+00 -9.73E+02  0.00E+00  0.00E+00  0.00E+00  0.00E+00  0.00E+00  4.06E+04
 
 SG12
+       ......... ......... ......... ......... ......... ......... ......... ......... ......... ......... ......... .........
         ......... ......... ......... ......... ......... ......... ......... ......... ......... .........
 
 SG22
+       ......... ......... ......... ......... ......... ......... ......... ......... ......... ......... ......... .........
         ......... ......... ......... ......... ......... ......... ......... ......... ......... ......... .........
 
1
 
 
 
 
 
 
 
 
 
 
 
 
 
 
 
 
 
 
 
 
 ************************************************************************************************************************
 ********************                                                                                ********************
 ********************               OBJECTIVE FUNCTION EVALUATION BY IMPORTANCE SAMPLING             ********************
 ********************                   EIGENVALUES OF COR MATRIX OF ESTIMATE (RSR)                  ********************
 ********************                                                                                ********************
 ************************************************************************************************************************
 

             1         2         3         4         5         6         7         8
 
         9.33E-02  3.17E-01  4.14E-01  6.25E-01  8.30E-01  9.99E-01  1.34E+00  3.38E+00
 
 Elapsed postprocess time in seconds:     0.04
 Elapsed finaloutput time in seconds:     0.01
 #CPUT: Total CPU Time in Seconds,      145.570
Stop Time:
Thu Nov  2 03:22:53 PM EDT 2023
