Thu Jul 25 04:45:40 PM EDT 2024
$PROBLEM    031 SAEM

;; $INPUT ROW ID NOMTIME TIME EVID CMT AMT DV FLAG STUDY
;; BLQ CYCLE DOSE PART PROFDAY PROFTIME WEIGHTB eff0
$INPUT ROW ID NOMTIME TIME EVID CMT AMT DV FLAG STUDY AGE BLQ CYCLE
DOSE MALEN PART PROFDAY PROFTIME WEIGHTB

$DATA      xgxr2covs.csv IGNORE=@ IGNORE=(FLAG.NE.0) IGNORE(DOSE.LT.30)

$SUBROUTINE ADVAN4 TRANS4

$PK
LTVKA=THETA(1)
LTVV2=THETA(2)
LTVCL=THETA(3)
LTVV3=THETA(4)
LTVQ=THETA(5)

MU_1=LTVKA
KA=EXP(MU_1+ETA(1))
MU_2=LTVV2
V2=EXP(MU_2+ETA(2))
MU_3=LTVCL+THETA(6) * LOG(AGE/54)
CL=EXP(MU_3+ETA(3))
MU_4=LTVV3
V3=EXP(MU_4+ETA(4))
MU_5 = LTVQ
Q =EXP(MU_5+ETA(5))
S2=V2

$ERROR
  IPRED=F
  IRES=DV-IPRED

  IF (IPRED.GT.1) THEN
    W = SQRT(IPRED**2*SIGMA(1,1) + SIGMA(2,2))
  ELSE
    W=1
  ENDIF

  IWRES=IRES/W
  Y=F+F*ERR(1)+ERR(2)

;-----------------------INITIAL ESTIMATES---------------------------------
$THETA  (.1)             ; 1 - LTVKA
$THETA  (3)             ; 2 - LTVV2
$THETA  (1)             ; 3 - LTVCL
$THETA  (4)             ; 4 - LTVV3
$THETA  (-1)             ; 5 - LTVQ
$THETA .1              ; 6 - AGEEFF

$OMEGA 0 FIX
$OMEGA 0.1
$OMEGA 0.1
$OMEGA 0 FIX
$OMEGA 0 FIX

$SIGMA 0.1
$SIGMA 0 FIX

;; $ESTIMATION METHOD=1 POSTHOC INTER MAXEVAL=9999 NSIG=2 SIGL=9
;;            PRINT=10 NOABORT MSFO=xgxr032.msf
$ESTIMATION METHOD=SAEM INTERACTION NOABORT NBURN=1000 NITER=1000 CTYPE=3 MAX=99999 NSIG=3 SEED=3442 PRINT=10 RANMETHOD=P MSFO=xgxr132.msf

$ESTIMATION METHOD=IMP INTERACTION EONLY=1 NITER=20 PRINT=1 ISAMPLE=5000 RANMETHOD=P
																	    
$COV PRINT=E

$TABLE ROW KA V2 V3 CL Q PRED IPRED Y NOPRINT FILE=xgxr132_res.txt
$TABLE ETAS(1:LAST) NOAPPEND NOPRINT FILE=xgxr132_etas.txt

NM-TRAN MESSAGES
  
 WARNINGS AND ERRORS (IF ANY) FOR PROBLEM    1
             
 (WARNING  2) NM-TRAN INFERS THAT THE DATA ARE POPULATION.
             
 (WARNING  79) SIGMA IS USED ON THE RIGHT. WITH A SUBSEQUENT RUN, IF AN
 INITIAL ESTIMATE OF A DIAGONAL BLOCK OF SIGMA IS TO BE COMPUTED BY
 NONMEM, THAT BLOCK WILL BE SET TO AN IDENTITY MATRIX DURING THAT
 COMPUTATION. THIS COULD LEAD TO AN ARITHMETIC EXCEPTION.*

 (MU_WARNING 26) DATA ITEM(S) USED IN DEFINITION OF MU_(S) SHOULD BE CONSTANT FOR INDIV. REC.:
  AGE

 * THE MAXIMUM NUMBER OF WARNINGS OF ONE OR MORE TYPES WAS REACHED.
 IT IS POSSIBLE THAT SOME WARNING MESSAGES WERE SUPPRESSED.
  
Note: Analytical 2nd Derivatives are constructed in FSUBS but are never used.
      You may insert $ABBR DERIV2=NO after the first $PROB to save FSUBS construction and compilation time
  

License Registered to: Philip Harder Delff for developing R packages that Interact with NONMEM
Expiration Date:    14 SEP 2024
Current Date:       25 JUL 2024
Days until program expires :  49
1NONLINEAR MIXED EFFECTS MODEL PROGRAM (NONMEM) VERSION 7.5.1
 ORIGINALLY DEVELOPED BY STUART BEAL, LEWIS SHEINER, AND ALISON BOECKMANN
 CURRENT DEVELOPERS ARE ROBERT BAUER, ICON DEVELOPMENT SOLUTIONS,
 AND ALISON BOECKMANN. IMPLEMENTATION, EFFICIENCY, AND STANDARDIZATION
 PERFORMED BY NOUS INFOSYSTEMS.

 PROBLEM NO.:         1
 031 SAEM
0DATA CHECKOUT RUN:              NO
 DATA SET LOCATED ON UNIT NO.:    2
 THIS UNIT TO BE REWOUND:        NO
 NO. OF DATA RECS IN DATA SET:      731
 NO. OF DATA ITEMS IN DATA SET:  20
 ID DATA ITEM IS DATA ITEM NO.:   2
 DEP VARIABLE IS DATA ITEM NO.:   8
 MDV DATA ITEM IS DATA ITEM NO.: 20
0INDICES PASSED TO SUBROUTINE PRED:
   5   4   7   0   0   0   6   0   0   0   0
0LABELS FOR DATA ITEMS:
 ROW ID NOMTIME TIME EVID CMT AMT DV FLAG STUDY AGE BLQ CYCLE DOSE MALEN PART PROFDAY PROFTIME WEIGHTB MDV
0(NONBLANK) LABELS FOR PRED-DEFINED ITEMS:
 KA V2 CL V3 Q IPRED Y
0FORMAT FOR DATA:
 (4(4E17.0/),3E17.0,1F2.0)

 TOT. NO. OF OBS RECS:      641
 TOT. NO. OF INDIVIDUALS:       90
0LENGTH OF THETA:   6
0DEFAULT THETA BOUNDARY TEST OMITTED:    NO
0OMEGA HAS BLOCK FORM:
  1
  0  2
  0  0  3
  0  0  0  4
  0  0  0  0  5
0DEFAULT OMEGA BOUNDARY TEST OMITTED:    NO
0SIGMA HAS BLOCK FORM:
  1
  0  2
0DEFAULT SIGMA BOUNDARY TEST OMITTED:    NO
0INITIAL ESTIMATE OF THETA:
   0.1000E+00  0.3000E+01  0.1000E+01  0.4000E+01 -0.1000E+01  0.1000E+00
0INITIAL ESTIMATE OF OMEGA:
 BLOCK SET NO.   BLOCK                                                                    FIXED
        1                                                                                  YES
                  0.0000E+00
        2                                                                                   NO
                  0.1000E+00
        3                                                                                   NO
                  0.1000E+00
        4                                                                                  YES
                  0.0000E+00
        5                                                                                  YES
                  0.0000E+00
0INITIAL ESTIMATE OF SIGMA:
 BLOCK SET NO.   BLOCK                                                                    FIXED
        1                                                                                   NO
                  0.1000E+00
        2                                                                                  YES
                  0.0000E+00
0COVARIANCE STEP OMITTED:        NO
 EIGENVLS. PRINTED:             YES
 SPECIAL COMPUTATION:            NO
 COMPRESSED FORMAT:              NO
 GRADIENT METHOD USED:     NOSLOW
 SIGDIGITS ETAHAT (SIGLO):                  -1
 SIGDIGITS GRADIENTS (SIGL):                -1
 EXCLUDE COV FOR FOCE (NOFCOV):              NO
 Cholesky Transposition of R Matrix (CHOLROFF):0
 KNUTHSUMOFF:                                -1
 RESUME COV ANALYSIS (RESUME):               NO
 SIR SAMPLE SIZE (SIRSAMPLE):
 NON-LINEARLY TRANSFORM THETAS DURING COV (THBND): 1
 PRECONDTIONING CYCLES (PRECOND):        0
 PRECONDTIONING TYPES (PRECONDS):        TOS
 FORCED PRECONDTIONING CYCLES (PFCOND):0
 PRECONDTIONING TYPE (PRETYPE):        0
 FORCED POS. DEFINITE SETTING DURING PRECONDITIONING: (FPOSDEF):0
 SIMPLE POS. DEFINITE SETTING: (POSDEF):-1
0TABLES STEP OMITTED:    NO
 NO. OF TABLES:           2
 SEED NUMBER (SEED):    11456
 NPDTYPE:    0
 INTERPTYPE:    0
 RANMETHOD:             3U
 MC SAMPLES (ESAMPLE):    300
 WRES SQUARE ROOT TYPE (WRESCHOL): EIGENVALUE
0-- TABLE   1 --
0RECORDS ONLY:    ALL
04 COLUMNS APPENDED:    YES
 PRINTED:                NO
 HEADER:                YES
 FILE TO BE FORWARDED:   NO
 FORMAT:                S1PE11.4
 IDFORMAT:
 LFORMAT:
 RFORMAT:
 FIXED_EFFECT_ETAS:
0USER-CHOSEN ITEMS:
 ROW KA V2 V3 CL Q IPRED Y
0-- TABLE   2 --
0RECORDS ONLY:    ALL
04 COLUMNS APPENDED:    NO
 PRINTED:                NO
 HEADER:                YES
 FILE TO BE FORWARDED:   NO
 FORMAT:                S1PE11.4
 IDFORMAT:
 LFORMAT:
 RFORMAT:
 FIXED_EFFECT_ETAS:
0USER-CHOSEN ITEMS:
 ETA1 ETA2 ETA3 ETA4 ETA5
1DOUBLE PRECISION PREDPP VERSION 7.5.1

 TWO COMPARTMENT MODEL WITH FIRST-ORDER ABSORPTION (ADVAN4)
0MAXIMUM NO. OF BASIC PK PARAMETERS:   5
0BASIC PK PARAMETERS (AFTER TRANSLATION):
   BASIC PK PARAMETER NO.  1: ELIMINATION RATE (K)
   BASIC PK PARAMETER NO.  2: CENTRAL-TO-PERIPH. RATE (K23)
   BASIC PK PARAMETER NO.  3: PERIPH.-TO-CENTRAL RATE (K32)
   BASIC PK PARAMETER NO.  5: ABSORPTION RATE (KA)
 TRANSLATOR WILL CONVERT PARAMETERS
 CL, V2, Q, V3 TO K, K23, K32 (TRANS4)
0COMPARTMENT ATTRIBUTES
 COMPT. NO.   FUNCTION   INITIAL    ON/OFF      DOSE      DEFAULT    DEFAULT
                         STATUS     ALLOWED    ALLOWED    FOR DOSE   FOR OBS.
    1         DEPOT        OFF        YES        YES        YES        NO
    2         CENTRAL      ON         NO         YES        NO         YES
    3         PERIPH.      ON         NO         YES        NO         NO
    4         OUTPUT       OFF        YES        NO         NO         NO
1
 ADDITIONAL PK PARAMETERS - ASSIGNMENT OF ROWS IN GG
 COMPT. NO.                             INDICES
              SCALE      BIOAVAIL.   ZERO-ORDER  ZERO-ORDER  ABSORB
                         FRACTION    RATE        DURATION    LAG
    1            *           *           *           *           *
    2            6           *           *           *           *
    3            *           *           *           *           *
    4            *           -           -           -           -
             - PARAMETER IS NOT ALLOWED FOR THIS MODEL
             * PARAMETER IS NOT SUPPLIED BY PK SUBROUTINE;
               WILL DEFAULT TO ONE IF APPLICABLE
0DATA ITEM INDICES USED BY PRED ARE:
   EVENT ID DATA ITEM IS DATA ITEM NO.:      5
   TIME DATA ITEM IS DATA ITEM NO.:          4
   DOSE AMOUNT DATA ITEM IS DATA ITEM NO.:   7
   COMPT. NO. DATA ITEM IS DATA ITEM NO.:    6

0PK SUBROUTINE CALLED WITH EVERY EVENT RECORD.
 PK SUBROUTINE NOT CALLED AT NONEVENT (ADDITIONAL OR LAGGED) DOSE TIMES.
0ERROR SUBROUTINE CALLED WITH EVERY EVENT RECORD.
1


 #TBLN:      1
 #METH: Stochastic Approximation Expectation-Maximization

 ESTIMATION STEP OMITTED:                 NO
 ANALYSIS TYPE:                           POPULATION
 NUMBER OF SADDLE POINT RESET ITERATIONS:      0
 GRADIENT METHOD USED:               NOSLOW
 CONDITIONAL ESTIMATES USED:              YES
 CENTERED ETA:                            NO
 EPS-ETA INTERACTION:                     YES
 LAPLACIAN OBJ. FUNC.:                    NO
 NO. OF FUNCT. EVALS. ALLOWED:            99999
 NO. OF SIG. FIGURES REQUIRED:            3
 INTERMEDIATE PRINTOUT:                   YES
 ESTIMATE OUTPUT TO MSF:                  YES
 ABORT WITH PRED EXIT CODE 1:             NO
 IND. OBJ. FUNC. VALUES SORTED:           NO
 NUMERICAL DERIVATIVE
       FILE REQUEST (NUMDER):               NONE
 MAP (ETAHAT) ESTIMATION METHOD (OPTMAP):   0
 ETA HESSIAN EVALUATION METHOD (ETADER):    0
 INITIAL ETA FOR MAP ESTIMATION (MCETA):    0
 SIGDIGITS FOR MAP ESTIMATION (SIGLO):      100
 GRADIENT SIGDIGITS OF
       FIXED EFFECTS PARAMETERS (SIGL):     100
 NOPRIOR SETTING (NOPRIOR):                 0
 NOCOV SETTING (NOCOV):                     OFF
 DERCONT SETTING (DERCONT):                 OFF
 FINAL ETA RE-EVALUATION (FNLETA):          1
 EXCLUDE NON-INFLUENTIAL (NON-INFL.) ETAS
       IN SHRINKAGE (ETASTYPE):             NO
 NON-INFL. ETA CORRECTION (NONINFETA):      0
 RAW OUTPUT FILE (FILE): xgxr132.ext
 EXCLUDE TITLE (NOTITLE):                   NO
 EXCLUDE COLUMN LABELS (NOLABEL):           NO
 FORMAT FOR ADDITIONAL FILES (FORMAT):      S1PE12.5
 PARAMETER ORDER FOR OUTPUTS (ORDER):       TSOL
 KNUTHSUMOFF:                               0
 INCLUDE LNTWOPI:                           NO
 INCLUDE CONSTANT TERM TO PRIOR (PRIORC):   NO
 INCLUDE CONSTANT TERM TO OMEGA (ETA) (OLNTWOPI):NO
 EM OR BAYESIAN METHOD USED:                STOCHASTIC APPROXIMATION EXPECTATION MAXIMIZATION (SAEM)
 MU MODELING PATTERN (MUM):
 GRADIENT/GIBBS PATTERN (GRD):
 AUTOMATIC SETTING FEATURE (AUTO):          0
 CONVERGENCE TYPE (CTYPE):                  3
 CONVERGENCE INTERVAL (CINTERVAL):          10
 CONVERGENCE ITERATIONS (CITER):            10
 CONVERGENCE ALPHA ERROR (CALPHA):          5.000000000000000E-02
 BURN-IN ITERATIONS (NBURN):                1000
 FIRST ITERATION FOR MAP (MAPITERS):          NO
 ITERATIONS (NITER):                        1000
 ANNEAL SETTING (CONSTRAIN):                 1
 STARTING SEED FOR MC METHODS (SEED):       3442
 MC SAMPLES PER SUBJECT (ISAMPLE):          2
 RANDOM SAMPLING METHOD (RANMETHOD):        3UP
 EXPECTATION ONLY (EONLY):                  0
 PROPOSAL DENSITY SCALING RANGE
              (ISCALE_MIN, ISCALE_MAX):     1.000000000000000E-06   ,1000000.00000000
 SAMPLE ACCEPTANCE RATE (IACCEPT):          0.400000000000000
 METROPOLIS HASTINGS SAMPLING FOR INDIVIDUAL ETAS:
 SAMPLES FOR GLOBAL SEARCH KERNEL (ISAMPLE_M1):          2
 SAMPLES FOR NEIGHBOR SEARCH KERNEL (ISAMPLE_M1A):       0
 SAMPLES FOR MASS/IMP/POST. MATRIX SEARCH (ISAMPLE_M1B): 2
 SAMPLES FOR LOCAL SEARCH KERNEL (ISAMPLE_M2):           2
 SAMPLES FOR LOCAL UNIVARIATE KERNEL (ISAMPLE_M3):       2
 PWR. WT. MASS/IMP/POST MATRIX ACCUM. FOR ETAS (IKAPPA): 1.00000000000000
 MASS/IMP./POST. MATRIX REFRESH SETTING (MASSRESET):      -1


 THE FOLLOWING LABELS ARE EQUIVALENT
 PRED=PREDI
 RES=RESI
 WRES=WRESI
 IWRS=IWRESI
 IPRD=IPREDI
 IRS=IRESI

 EM/BAYES SETUP:
 THETAS THAT ARE MU MODELED:
   2   3   6
 THETAS THAT ARE SIGMA-LIKE:
 

 MONITORING OF SEARCH:

 Stochastic/Burn-in Mode
 iteration        -1000  SAEMOBJ=   987.73293974478224
 iteration         -990  SAEMOBJ=  -2058.7104468240909
 iteration         -980  SAEMOBJ=  -2251.7216472365762
 iteration         -970  SAEMOBJ=  -2250.2837509830947
 iteration         -960  SAEMOBJ=  -2254.2017924516072
 iteration         -950  SAEMOBJ=  -2233.9169399510920
 iteration         -940  SAEMOBJ=  -2258.4858474497964
 iteration         -930  SAEMOBJ=  -2258.5183526777964
 iteration         -920  SAEMOBJ=  -2252.6808180675698
 iteration         -910  SAEMOBJ=  -2247.1047422767988
 iteration         -900  SAEMOBJ=  -2271.4660892006605
 iteration         -890  SAEMOBJ=  -2262.5335861140256
 Convergence achieved
 Reduced Stochastic/Accumulation Mode
 iteration            0  SAEMOBJ=  -2284.3528814494748
 iteration           10  SAEMOBJ=  -2296.9794796964366
 iteration           20  SAEMOBJ=  -2297.9605944053760
 iteration           30  SAEMOBJ=  -2299.5428664181773
 iteration           40  SAEMOBJ=  -2299.4225579349391
 iteration           50  SAEMOBJ=  -2298.7732867782070
 iteration           60  SAEMOBJ=  -2299.2362283844800
 iteration           70  SAEMOBJ=  -2298.8085482720862
 iteration           80  SAEMOBJ=  -2299.0466698177302
 iteration           90  SAEMOBJ=  -2298.2662689140875
 iteration          100  SAEMOBJ=  -2298.1597600885866
 iteration          110  SAEMOBJ=  -2298.5158894568049
 iteration          120  SAEMOBJ=  -2298.5403588462427
 iteration          130  SAEMOBJ=  -2298.0838210795505
 iteration          140  SAEMOBJ=  -2297.9208886058800
 iteration          150  SAEMOBJ=  -2297.7808338837713
 iteration          160  SAEMOBJ=  -2297.6909131139505
 iteration          170  SAEMOBJ=  -2297.6173587646504
 iteration          180  SAEMOBJ=  -2297.5051366124344
 iteration          190  SAEMOBJ=  -2297.4652333136237
 iteration          200  SAEMOBJ=  -2297.3044633837781
 iteration          210  SAEMOBJ=  -2297.4503637719226
 iteration          220  SAEMOBJ=  -2297.4120390430853
 iteration          230  SAEMOBJ=  -2297.4035695258217
 iteration          240  SAEMOBJ=  -2297.3758041339015
 iteration          250  SAEMOBJ=  -2297.3903933160555
 iteration          260  SAEMOBJ=  -2297.2873406357062
 iteration          270  SAEMOBJ=  -2297.2506219797315
 iteration          280  SAEMOBJ=  -2297.2002522862476
 iteration          290  SAEMOBJ=  -2297.0606534736062
 iteration          300  SAEMOBJ=  -2297.0934682611733
 iteration          310  SAEMOBJ=  -2296.9871052208982
 iteration          320  SAEMOBJ=  -2297.0039677600112
 iteration          330  SAEMOBJ=  -2297.0545427864399
 iteration          340  SAEMOBJ=  -2297.0486503067882
 iteration          350  SAEMOBJ=  -2296.7555446167921
 iteration          360  SAEMOBJ=  -2296.7730793065648
 iteration          370  SAEMOBJ=  -2296.7912547870164
 iteration          380  SAEMOBJ=  -2296.8701555589710
 iteration          390  SAEMOBJ=  -2296.8750761077258
 iteration          400  SAEMOBJ=  -2296.8820392299763
 iteration          410  SAEMOBJ=  -2296.7621753797121
 iteration          420  SAEMOBJ=  -2296.7810561173596
 iteration          430  SAEMOBJ=  -2296.7007035261445
 iteration          440  SAEMOBJ=  -2296.7161381438796
 iteration          450  SAEMOBJ=  -2296.7480794982953
 iteration          460  SAEMOBJ=  -2296.7135707808384
 iteration          470  SAEMOBJ=  -2296.7356106971633
 iteration          480  SAEMOBJ=  -2296.6981187898446
 iteration          490  SAEMOBJ=  -2296.7242624455330
 iteration          500  SAEMOBJ=  -2296.6456344297389
 iteration          510  SAEMOBJ=  -2296.6131440345603
 iteration          520  SAEMOBJ=  -2296.6048387542501
 iteration          530  SAEMOBJ=  -2296.5997038321871
 iteration          540  SAEMOBJ=  -2296.5982851411054
 iteration          550  SAEMOBJ=  -2296.6650227166415
 iteration          560  SAEMOBJ=  -2296.6941453759432
 iteration          570  SAEMOBJ=  -2296.6374451847705
 iteration          580  SAEMOBJ=  -2296.5969412920699
 iteration          590  SAEMOBJ=  -2296.6667799438883
 iteration          600  SAEMOBJ=  -2296.6883816852287
 iteration          610  SAEMOBJ=  -2296.6986163494207
 iteration          620  SAEMOBJ=  -2296.7236405687563
 iteration          630  SAEMOBJ=  -2296.7818080612292
 iteration          640  SAEMOBJ=  -2296.7342581222347
 iteration          650  SAEMOBJ=  -2296.8543979340607
 iteration          660  SAEMOBJ=  -2296.8655754564893
 iteration          670  SAEMOBJ=  -2296.8764371089924
 iteration          680  SAEMOBJ=  -2296.8298490196826
 iteration          690  SAEMOBJ=  -2296.8236910148762
 iteration          700  SAEMOBJ=  -2296.7805773886189
 iteration          710  SAEMOBJ=  -2296.7880559099217
 iteration          720  SAEMOBJ=  -2296.8176237656221
 iteration          730  SAEMOBJ=  -2296.7401701918416
 iteration          740  SAEMOBJ=  -2296.7237251210536
 iteration          750  SAEMOBJ=  -2296.7462988452339
 iteration          760  SAEMOBJ=  -2296.7284122717174
 iteration          770  SAEMOBJ=  -2296.7204028745891
 iteration          780  SAEMOBJ=  -2296.7377784652531
 iteration          790  SAEMOBJ=  -2296.7609910161273
 iteration          800  SAEMOBJ=  -2296.7751876677894
 iteration          810  SAEMOBJ=  -2296.7934738330978
 iteration          820  SAEMOBJ=  -2296.7683752979956
 iteration          830  SAEMOBJ=  -2296.7415175575429
 iteration          840  SAEMOBJ=  -2296.7336054233115
 iteration          850  SAEMOBJ=  -2296.7184805629659
 iteration          860  SAEMOBJ=  -2296.7392402171340
 iteration          870  SAEMOBJ=  -2296.7053588095432
 iteration          880  SAEMOBJ=  -2296.7083379901665
 iteration          890  SAEMOBJ=  -2296.6396087552125
 iteration          900  SAEMOBJ=  -2296.6395171679269
 iteration          910  SAEMOBJ=  -2296.6957715498215
 iteration          920  SAEMOBJ=  -2296.6920899513652
 iteration          930  SAEMOBJ=  -2296.7045103646269
 iteration          940  SAEMOBJ=  -2296.7278742367430
 iteration          950  SAEMOBJ=  -2296.6936122395509
 iteration          960  SAEMOBJ=  -2296.6605570253264
 iteration          970  SAEMOBJ=  -2296.6129448802308
 iteration          980  SAEMOBJ=  -2296.5925546585177
 iteration          990  SAEMOBJ=  -2296.5891915303173
 iteration         1000  SAEMOBJ=  -2296.6115781619351

 #TERM:
 STOCHASTIC PORTION WAS COMPLETED
 REDUCED STOCHASTIC PORTION WAS COMPLETED

 ETABAR IS THE ARITHMETIC MEAN OF THE ETA-ESTIMATES,
 AND THE P-VALUE IS GIVEN FOR THE NULL HYPOTHESIS THAT THE TRUE MEAN IS 0.

 ETABAR:         0.0000E+00 -6.6673E-06  1.9969E-06  0.0000E+00  0.0000E+00
 SE:             0.0000E+00  4.0795E-02  4.5551E-02  0.0000E+00  0.0000E+00
 N:                       0          90          90           0           0

 P VAL.:         1.0000E+00  9.9987E-01  9.9997E-01  1.0000E+00  1.0000E+00

 ETASHRINKSD(%)  0.0000E+00  7.4591E+00  9.6326E+00  0.0000E+00  0.0000E+00
 ETASHRINKVR(%)  0.0000E+00  1.4362E+01  1.8337E+01  0.0000E+00  0.0000E+00
 EBVSHRINKSD(%)  0.0000E+00  7.4539E+00  9.6368E+00  0.0000E+00  0.0000E+00
 EBVSHRINKVR(%)  0.0000E+00  1.4352E+01  1.8345E+01  0.0000E+00  0.0000E+00
 RELATIVEINF(%)  0.0000E+00  0.0000E+00  0.0000E+00  0.0000E+00  0.0000E+00
 EPSSHRINKSD(%)  1.2290E+01  1.0000E+02
 EPSSHRINKVR(%)  2.3069E+01  1.0000E+02

  
 TOTAL DATA POINTS NORMALLY DISTRIBUTED (N):          641
 N*LOG(2PI) CONSTANT TO OBJECTIVE FUNCTION:    1178.0791995683903     
 OBJECTIVE FUNCTION VALUE WITHOUT CONSTANT:   -2296.6115781619351     
 OBJECTIVE FUNCTION VALUE WITH CONSTANT:      -1118.5323785935448     
 REPORTED OBJECTIVE FUNCTION DOES NOT CONTAIN CONSTANT
  
 TOTAL EFFECTIVE ETAS (NIND*NETA):                           180
 NIND*NETA*LOG(2PI) CONSTANT TO OBJECTIVE FUNCTION:    330.81787195368219     
 OBJECTIVE FUNCTION VALUE WITHOUT CONSTANT:   -2296.6115781619351     
 OBJECTIVE FUNCTION VALUE WITH CONSTANT:      -1965.7937062082528     
 REPORTED OBJECTIVE FUNCTION DOES NOT CONTAIN CONSTANT
  
 #TERE:
 Elapsed estimation  time in seconds:    21.16
 Elapsed covariance  time in seconds:     0.00
1
 
 
 
 
 
 
 
 
 
 
 
 
 
 
 
 
 
 
 
 
 ************************************************************************************************************************
 ********************                                                                                ********************
 ********************                STOCHASTIC APPROXIMATION EXPECTATION-MAXIMIZATION               ********************
 #OBJT:**************                        FINAL VALUE OF LIKELIHOOD FUNCTION                      ********************
 ********************                                                                                ********************
 ************************************************************************************************************************
 





 #OBJV:********************************************    -2296.612       **************************************************
1
 ************************************************************************************************************************
 ********************                                                                                ********************
 ********************                STOCHASTIC APPROXIMATION EXPECTATION-MAXIMIZATION               ********************
 ********************                             FINAL PARAMETER ESTIMATE                           ********************
 ********************                                                                                ********************
 ************************************************************************************************************************
 


 THETA - VECTOR OF FIXED EFFECTS PARAMETERS   *********


         TH 1      TH 2      TH 3      TH 4      TH 5      TH 6     
 
         7.94E-01  4.31E+00  2.62E+00  4.95E+00  2.10E+00  3.64E-01
 


 OMEGA - COV MATRIX FOR RANDOM EFFECTS - ETAS  ********


         ETA1      ETA2      ETA3      ETA4      ETA5     
 
 ETA1
+        0.00E+00
 
 ETA2
+        0.00E+00  1.75E-01
 
 ETA3
+        0.00E+00  0.00E+00  2.29E-01
 
 ETA4
+        0.00E+00  0.00E+00  0.00E+00  0.00E+00
 
 ETA5
+        0.00E+00  0.00E+00  0.00E+00  0.00E+00  0.00E+00
 


 SIGMA - COV MATRIX FOR RANDOM EFFECTS - EPSILONS  ****


         EPS1      EPS2     
 
 EPS1
+        8.14E-02
 
 EPS2
+        0.00E+00  0.00E+00
 
1


 OMEGA - CORR MATRIX FOR RANDOM EFFECTS - ETAS  *******


         ETA1      ETA2      ETA3      ETA4      ETA5     
 
 ETA1
+        0.00E+00
 
 ETA2
+        0.00E+00  4.18E-01
 
 ETA3
+        0.00E+00  0.00E+00  4.78E-01
 
 ETA4
+        0.00E+00  0.00E+00  0.00E+00  0.00E+00
 
 ETA5
+        0.00E+00  0.00E+00  0.00E+00  0.00E+00  0.00E+00
 


 SIGMA - CORR MATRIX FOR RANDOM EFFECTS - EPSILONS  ***


         EPS1      EPS2     
 
 EPS1
+        2.85E-01
 
 EPS2
+        0.00E+00  0.00E+00
 
1
 ************************************************************************************************************************
 ********************                                                                                ********************
 ********************                STOCHASTIC APPROXIMATION EXPECTATION-MAXIMIZATION               ********************
 ********************                          STANDARD ERROR OF ESTIMATE (S)                        ********************
 ********************                                                                                ********************
 ************************************************************************************************************************
 


 THETA - VECTOR OF FIXED EFFECTS PARAMETERS   *********


         TH 1      TH 2      TH 3      TH 4      TH 5      TH 6     
 
         5.62E-02  5.85E-02  9.54E-02  3.06E-01  9.13E-02  1.67E-01
 


 OMEGA - COV MATRIX FOR RANDOM EFFECTS - ETAS  ********


         ETA1      ETA2      ETA3      ETA4      ETA5     
 
 ETA1
+        0.00E+00
 
 ETA2
+        0.00E+00  3.30E-02
 
 ETA3
+        0.00E+00  0.00E+00  6.29E-02
 
 ETA4
+        0.00E+00  0.00E+00  0.00E+00  0.00E+00
 
 ETA5
+        0.00E+00  0.00E+00  0.00E+00  0.00E+00  0.00E+00
 


 SIGMA - COV MATRIX FOR RANDOM EFFECTS - EPSILONS  ****


         EPS1      EPS2     
 
 EPS1
+        6.07E-03
 
 EPS2
+        0.00E+00  0.00E+00
 
1


 OMEGA - CORR MATRIX FOR RANDOM EFFECTS - ETAS  *******


         ETA1      ETA2      ETA3      ETA4      ETA5     
 
 ETA1
+       .........
 
 ETA2
+       .........  3.94E-02
 
 ETA3
+       ......... .........  6.58E-02
 
 ETA4
+       ......... ......... ......... .........
 
 ETA5
+       ......... ......... ......... ......... .........
 


 SIGMA - CORR MATRIX FOR RANDOM EFFECTS - EPSILONS  ***


         EPS1      EPS2     
 
 EPS1
+        1.06E-02
 
 EPS2
+       ......... .........
 
1
 ************************************************************************************************************************
 ********************                                                                                ********************
 ********************                STOCHASTIC APPROXIMATION EXPECTATION-MAXIMIZATION               ********************
 ********************                        COVARIANCE MATRIX OF ESTIMATE (S)                       ********************
 ********************                                                                                ********************
 ************************************************************************************************************************
 

            TH 1      TH 2      TH 3      TH 4      TH 5      TH 6      OM11      OM12      OM13      OM14      OM15      OM22  
             OM23      OM24      OM25      OM33      OM34      OM35      OM44      OM45      OM55      SG11      SG12      SG22  

 
 TH 1
+        3.16E-03
 
 TH 2
+        1.61E-03  3.42E-03
 
 TH 3
+       -1.60E-03 -7.76E-04  9.11E-03
 
 TH 4
+        6.62E-03  5.02E-03 -2.28E-02  9.34E-02
 
 TH 5
+        1.29E-03  7.51E-04 -6.48E-03  2.42E-02  8.34E-03
 
 TH 6
+        4.73E-04 -9.02E-04 -1.38E-03  1.11E-02  3.48E-03  2.77E-02
 
 OM11
+       ......... ......... ......... ......... ......... ......... .........
 
 OM12
+       ......... ......... ......... ......... ......... ......... ......... .........
 
 OM13
+       ......... ......... ......... ......... ......... ......... ......... ......... .........
 
 OM14
+       ......... ......... ......... ......... ......... ......... ......... ......... ......... .........
 
 OM15
+       ......... ......... ......... ......... ......... ......... ......... ......... ......... ......... .........
 
 OM22
+       -1.67E-04  1.10E-04  5.08E-06 -1.38E-04  5.75E-05  1.91E-03  0.00E+00  0.00E+00  0.00E+00  0.00E+00  0.00E+00  1.09E-03
 
 OM23
+       ......... ......... ......... ......... ......... ......... ......... ......... ......... ......... ......... .........
         .........
 
 OM24
+       ......... ......... ......... ......... ......... ......... ......... ......... ......... ......... ......... .........
         ......... .........
 
 OM25
+       ......... ......... ......... ......... ......... ......... ......... ......... ......... ......... ......... .........
         ......... ......... .........
 
 OM33
+        1.37E-03  8.18E-04 -3.24E-03  1.45E-02  3.65E-03  2.62E-03  0.00E+00  0.00E+00  0.00E+00  0.00E+00  0.00E+00  6.54E-05
          0.00E+00  0.00E+00  0.00E+00  3.96E-03
 
 OM34
+       ......... ......... ......... ......... ......... ......... ......... ......... ......... ......... ......... .........
         ......... ......... ......... ......... .........
 
 OM35
+       ......... ......... ......... ......... ......... ......... ......... ......... ......... ......... ......... .........
         ......... ......... ......... ......... ......... .........
 
 OM44
+       ......... ......... ......... ......... ......... ......... ......... ......... ......... ......... ......... .........
         ......... ......... ......... ......... ......... ......... .........
 
1

            TH 1      TH 2      TH 3      TH 4      TH 5      TH 6      OM11      OM12      OM13      OM14      OM15      OM22  
             OM23      OM24      OM25      OM33      OM34      OM35      OM44      OM45      OM55      SG11      SG12      SG22  

 
 OM45
+       ......... ......... ......... ......... ......... ......... ......... ......... ......... ......... ......... .........
         ......... ......... ......... ......... ......... ......... ......... .........
 
 OM55
+       ......... ......... ......... ......... ......... ......... ......... ......... ......... ......... ......... .........
         ......... ......... ......... ......... ......... ......... ......... ......... .........
 
 SG11
+       -2.54E-05 -3.41E-05 -9.41E-06  2.19E-05  1.01E-04 -9.08E-05  0.00E+00  0.00E+00  0.00E+00  0.00E+00  0.00E+00 -1.83E-05
          0.00E+00  0.00E+00  0.00E+00 -4.53E-05  0.00E+00  0.00E+00  0.00E+00  0.00E+00  0.00E+00  3.69E-05
 
 SG12
+       ......... ......... ......... ......... ......... ......... ......... ......... ......... ......... ......... .........
         ......... ......... ......... ......... ......... ......... ......... ......... ......... ......... .........
 
 SG22
+       ......... ......... ......... ......... ......... ......... ......... ......... ......... ......... ......... .........
         ......... ......... ......... ......... ......... ......... ......... ......... ......... ......... ......... .........
 
1
 ************************************************************************************************************************
 ********************                                                                                ********************
 ********************                STOCHASTIC APPROXIMATION EXPECTATION-MAXIMIZATION               ********************
 ********************                        CORRELATION MATRIX OF ESTIMATE (S)                      ********************
 ********************                                                                                ********************
 ************************************************************************************************************************
 

            TH 1      TH 2      TH 3      TH 4      TH 5      TH 6      OM11      OM12      OM13      OM14      OM15      OM22  
             OM23      OM24      OM25      OM33      OM34      OM35      OM44      OM45      OM55      SG11      SG12      SG22  

 
 TH 1
+        5.62E-02
 
 TH 2
+        4.91E-01  5.85E-02
 
 TH 3
+       -2.99E-01 -1.39E-01  9.54E-02
 
 TH 4
+        3.86E-01  2.81E-01 -7.82E-01  3.06E-01
 
 TH 5
+        2.51E-01  1.41E-01 -7.44E-01  8.67E-01  9.13E-02
 
 TH 6
+        5.05E-02 -9.27E-02 -8.66E-02  2.18E-01  2.29E-01  1.67E-01
 
 OM11
+       ......... ......... ......... ......... ......... ......... .........
 
 OM12
+       ......... ......... ......... ......... ......... ......... ......... .........
 
 OM13
+       ......... ......... ......... ......... ......... ......... ......... ......... .........
 
 OM14
+       ......... ......... ......... ......... ......... ......... ......... ......... ......... .........
 
 OM15
+       ......... ......... ......... ......... ......... ......... ......... ......... ......... ......... .........
 
 OM22
+       -9.02E-02  5.69E-02  1.61E-03 -1.37E-02  1.91E-02  3.49E-01  0.00E+00  0.00E+00  0.00E+00  0.00E+00  0.00E+00  3.30E-02
 
 OM23
+       ......... ......... ......... ......... ......... ......... ......... ......... ......... ......... ......... .........
         .........
 
 OM24
+       ......... ......... ......... ......... ......... ......... ......... ......... ......... ......... ......... .........
         ......... .........
 
 OM25
+       ......... ......... ......... ......... ......... ......... ......... ......... ......... ......... ......... .........
         ......... ......... .........
 
 OM33
+        3.87E-01  2.23E-01 -5.40E-01  7.54E-01  6.36E-01  2.50E-01  0.00E+00  0.00E+00  0.00E+00  0.00E+00  0.00E+00  3.15E-02
          0.00E+00  0.00E+00  0.00E+00  6.29E-02
 
 OM34
+       ......... ......... ......... ......... ......... ......... ......... ......... ......... ......... ......... .........
         ......... ......... ......... ......... .........
 
 OM35
+       ......... ......... ......... ......... ......... ......... ......... ......... ......... ......... ......... .........
         ......... ......... ......... ......... ......... .........
 
 OM44
+       ......... ......... ......... ......... ......... ......... ......... ......... ......... ......... ......... .........
         ......... ......... ......... ......... ......... ......... .........
 
1

            TH 1      TH 2      TH 3      TH 4      TH 5      TH 6      OM11      OM12      OM13      OM14      OM15      OM22  
             OM23      OM24      OM25      OM33      OM34      OM35      OM44      OM45      OM55      SG11      SG12      SG22  

 
 OM45
+       ......... ......... ......... ......... ......... ......... ......... ......... ......... ......... ......... .........
         ......... ......... ......... ......... ......... ......... ......... .........
 
 OM55
+       ......... ......... ......... ......... ......... ......... ......... ......... ......... ......... ......... .........
         ......... ......... ......... ......... ......... ......... ......... ......... .........
 
 SG11
+       -7.44E-02 -9.59E-02 -1.62E-02  1.18E-02  1.82E-01 -8.98E-02  0.00E+00  0.00E+00  0.00E+00  0.00E+00  0.00E+00 -9.16E-02
          0.00E+00  0.00E+00  0.00E+00 -1.19E-01  0.00E+00  0.00E+00  0.00E+00  0.00E+00  0.00E+00  6.07E-03
 
 SG12
+       ......... ......... ......... ......... ......... ......... ......... ......... ......... ......... ......... .........
         ......... ......... ......... ......... ......... ......... ......... ......... ......... ......... .........
 
 SG22
+       ......... ......... ......... ......... ......... ......... ......... ......... ......... ......... ......... .........
         ......... ......... ......... ......... ......... ......... ......... ......... ......... ......... ......... .........
 
1
 ************************************************************************************************************************
 ********************                                                                                ********************
 ********************                STOCHASTIC APPROXIMATION EXPECTATION-MAXIMIZATION               ********************
 ********************                    INVERSE COVARIANCE MATRIX OF ESTIMATE (S)                   ********************
 ********************                                                                                ********************
 ************************************************************************************************************************
 

            TH 1      TH 2      TH 3      TH 4      TH 5      TH 6      OM11      OM12      OM13      OM14      OM15      OM22  
             OM23      OM24      OM25      OM33      OM34      OM35      OM44      OM45      OM55      SG11      SG12      SG22  

 
 TH 1
+        4.95E+02
 
 TH 2
+       -2.06E+02  4.41E+02
 
 TH 3
+        4.95E+01 -6.54E+01  3.21E+02
 
 TH 4
+       -1.00E+01 -4.70E+01  6.46E+01  8.10E+01
 
 TH 5
+        6.03E+01  4.39E+01  1.01E+02 -1.34E+02  6.13E+02
 
 TH 6
+       -1.57E+01  3.48E+01 -2.51E+01 -6.37E+00 -1.77E+01  4.86E+01
 
 OM11
+       ......... ......... ......... ......... ......... ......... .........
 
 OM12
+       ......... ......... ......... ......... ......... ......... ......... .........
 
 OM13
+       ......... ......... ......... ......... ......... ......... ......... ......... .........
 
 OM14
+       ......... ......... ......... ......... ......... ......... ......... ......... ......... .........
 
 OM15
+       ......... ......... ......... ......... ......... ......... ......... ......... ......... ......... .........
 
 OM22
+        1.24E+02 -1.44E+02  5.71E+01  4.03E+01 -3.88E+01 -8.84E+01  0.00E+00  0.00E+00  0.00E+00  0.00E+00  0.00E+00  1.12E+03
 
 OM23
+       ......... ......... ......... ......... ......... ......... ......... ......... ......... ......... ......... .........
         .........
 
 OM24
+       ......... ......... ......... ......... ......... ......... ......... ......... ......... ......... ......... .........
         ......... .........
 
 OM25
+       ......... ......... ......... ......... ......... ......... ......... ......... ......... ......... ......... .........
         ......... ......... .........
 
 OM33
+       -9.99E+01  4.05E+01 -5.91E+01 -1.02E+02 -2.71E+01 -1.19E+01  0.00E+00  0.00E+00  0.00E+00  0.00E+00  0.00E+00 -3.44E+01
          0.00E+00  0.00E+00  0.00E+00  6.46E+02
 
 OM34
+       ......... ......... ......... ......... ......... ......... ......... ......... ......... ......... ......... .........
         ......... ......... ......... ......... .........
 
 OM35
+       ......... ......... ......... ......... ......... ......... ......... ......... ......... ......... ......... .........
         ......... ......... ......... ......... ......... .........
 
 OM44
+       ......... ......... ......... ......... ......... ......... ......... ......... ......... ......... ......... .........
         ......... ......... ......... ......... ......... ......... .........
 
1

            TH 1      TH 2      TH 3      TH 4      TH 5      TH 6      OM11      OM12      OM13      OM14      OM15      OM22  
             OM23      OM24      OM25      OM33      OM34      OM35      OM44      OM45      OM55      SG11      SG12      SG22  

 
 OM45
+       ......... ......... ......... ......... ......... ......... ......... ......... ......... ......... ......... .........
         ......... ......... ......... ......... ......... ......... ......... .........
 
 OM55
+       ......... ......... ......... ......... ......... ......... ......... ......... ......... ......... ......... .........
         ......... ......... ......... ......... ......... ......... ......... ......... .........
 
 SG11
+       -9.52E+01  2.20E+02 -3.64E+02  1.63E+02 -1.58E+03  1.28E+02  0.00E+00  0.00E+00  0.00E+00  0.00E+00  0.00E+00  3.48E+02
          0.00E+00  0.00E+00  0.00E+00  8.35E+02  0.00E+00  0.00E+00  0.00E+00  0.00E+00  0.00E+00  3.29E+04
 
 SG12
+       ......... ......... ......... ......... ......... ......... ......... ......... ......... ......... ......... .........
         ......... ......... ......... ......... ......... ......... ......... ......... ......... ......... .........
 
 SG22
+       ......... ......... ......... ......... ......... ......... ......... ......... ......... ......... ......... .........
         ......... ......... ......... ......... ......... ......... ......... ......... ......... ......... ......... .........
 
1
 
 
 
 
 
 
 
 
 
 
 
 
 
 
 
 
 
 
 
 
 ************************************************************************************************************************
 ********************                                                                                ********************
 ********************                STOCHASTIC APPROXIMATION EXPECTATION-MAXIMIZATION               ********************
 ********************                    EIGENVALUES OF COR MATRIX OF ESTIMATE (S)                   ********************
 ********************                                                                                ********************
 ************************************************************************************************************************
 

             1         2         3         4         5         6         7         8         9
 
         9.19E-02  1.96E-01  4.00E-01  4.46E-01  6.96E-01  9.08E-01  1.32E+00  1.42E+00  3.52E+00
 
1


 #TBLN:      2
 #METH: Objective Function Evaluation by Importance Sampling

 ESTIMATION STEP OMITTED:                 NO
 ANALYSIS TYPE:                           POPULATION
 NUMBER OF SADDLE POINT RESET ITERATIONS:      0
 GRADIENT METHOD USED:               NOSLOW
 CONDITIONAL ESTIMATES USED:              YES
 CENTERED ETA:                            NO
 EPS-ETA INTERACTION:                     YES
 LAPLACIAN OBJ. FUNC.:                    NO
 NO. OF FUNCT. EVALS. ALLOWED:            99999
 NO. OF SIG. FIGURES REQUIRED:            3
 INTERMEDIATE PRINTOUT:                   YES
 ESTIMATE OUTPUT TO MSF:                  YES
 ABORT WITH PRED EXIT CODE 1:             NO
 IND. OBJ. FUNC. VALUES SORTED:           NO
 NUMERICAL DERIVATIVE
       FILE REQUEST (NUMDER):               NONE
 MAP (ETAHAT) ESTIMATION METHOD (OPTMAP):   0
 ETA HESSIAN EVALUATION METHOD (ETADER):    0
 INITIAL ETA FOR MAP ESTIMATION (MCETA):    0
 SIGDIGITS FOR MAP ESTIMATION (SIGLO):      100
 GRADIENT SIGDIGITS OF
       FIXED EFFECTS PARAMETERS (SIGL):     100
 NOPRIOR SETTING (NOPRIOR):                 0
 NOCOV SETTING (NOCOV):                     OFF
 DERCONT SETTING (DERCONT):                 OFF
 FINAL ETA RE-EVALUATION (FNLETA):          1
 EXCLUDE NON-INFLUENTIAL (NON-INFL.) ETAS
       IN SHRINKAGE (ETASTYPE):             NO
 NON-INFL. ETA CORRECTION (NONINFETA):      0
 RAW OUTPUT FILE (FILE): xgxr132.ext
 EXCLUDE TITLE (NOTITLE):                   NO
 EXCLUDE COLUMN LABELS (NOLABEL):           NO
 FORMAT FOR ADDITIONAL FILES (FORMAT):      S1PE12.5
 PARAMETER ORDER FOR OUTPUTS (ORDER):       TSOL
 KNUTHSUMOFF:                               0
 INCLUDE LNTWOPI:                           NO
 INCLUDE CONSTANT TERM TO PRIOR (PRIORC):   NO
 INCLUDE CONSTANT TERM TO OMEGA (ETA) (OLNTWOPI):NO
 EM OR BAYESIAN METHOD USED:                IMPORTANCE SAMPLING (IMP)
 MU MODELING PATTERN (MUM):
 GRADIENT/GIBBS PATTERN (GRD):
 AUTOMATIC SETTING FEATURE (AUTO):          0
 CONVERGENCE TYPE (CTYPE):                  3
 CONVERGENCE INTERVAL (CINTERVAL):          1
 CONVERGENCE ITERATIONS (CITER):            10
 CONVERGENCE ALPHA ERROR (CALPHA):          5.000000000000000E-02
 ITERATIONS (NITER):                        20
 ANNEAL SETTING (CONSTRAIN):                 1
 STARTING SEED FOR MC METHODS (SEED):       3442
 MC SAMPLES PER SUBJECT (ISAMPLE):          5000
 RANDOM SAMPLING METHOD (RANMETHOD):        3UP
 EXPECTATION ONLY (EONLY):                  1
 PROPOSAL DENSITY SCALING RANGE
              (ISCALE_MIN, ISCALE_MAX):     0.100000000000000       ,10.0000000000000
 SAMPLE ACCEPTANCE RATE (IACCEPT):          0.400000000000000
 LONG TAIL SAMPLE ACCEPT. RATE (IACCEPTL):   0.00000000000000
 T-DIST. PROPOSAL DENSITY (DF):             0
 NO. ITERATIONS FOR MAP (MAPITER):          1
 INTERVAL ITER. FOR MAP (MAPINTER):         0
 MAP COVARIANCE/MODE SETTING (MAPCOV):      1
 Gradient Quick Value (GRDQ):               0.00000000000000


 THE FOLLOWING LABELS ARE EQUIVALENT
 PRED=PREDI
 RES=RESI
 WRES=WRESI
 IWRS=IWRESI
 IPRD=IPREDI
 IRS=IRESI

 EM/BAYES SETUP:
 THETAS THAT ARE MU MODELED:
   2   3   6
 THETAS THAT ARE SIGMA-LIKE:
 

 MONITORING OF SEARCH:

 iteration            0  OBJ=  -1730.1082908291007 eff.=    5553. Smpl.=    5000. Fit.= 0.94370
 iteration            1  OBJ=  -1730.8550967830406 eff.=    1786. Smpl.=    5000. Fit.= 0.78936
 iteration            2  OBJ=  -1730.8535360608864 eff.=    1916. Smpl.=    5000. Fit.= 0.80409
 iteration            3  OBJ=  -1730.3200207609252 eff.=    1990. Smpl.=    5000. Fit.= 0.81125
 iteration            4  OBJ=  -1730.3540357374234 eff.=    1985. Smpl.=    5000. Fit.= 0.81127
 iteration            5  OBJ=  -1730.3199592945011 eff.=    2007. Smpl.=    5000. Fit.= 0.81232
 iteration            6  OBJ=  -1730.4352163019757 eff.=    2004. Smpl.=    5000. Fit.= 0.81243
 iteration            7  OBJ=  -1730.2951078495998 eff.=    2003. Smpl.=    5000. Fit.= 0.81213
 iteration            8  OBJ=  -1730.4535741803688 eff.=    2001. Smpl.=    5000. Fit.= 0.81222
 iteration            9  OBJ=  -1730.6528333989002 eff.=    2007. Smpl.=    5000. Fit.= 0.81232
 iteration           10  OBJ=  -1730.4009887830682 eff.=    1997. Smpl.=    5000. Fit.= 0.81156
 iteration           11  OBJ=  -1730.7795222008278 eff.=    2005. Smpl.=    5000. Fit.= 0.81223
 Convergence achieved
 iteration           11  OBJ=  -1729.9838087304820 eff.=    1991. Smpl.=    5000. Fit.= 0.81185

 #TERM:
 EXPECTATION ONLY PROCESS WAS COMPLETED


 ETABAR IS THE ARITHMETIC MEAN OF THE ETA-ESTIMATES,
 AND THE P-VALUE IS GIVEN FOR THE NULL HYPOTHESIS THAT THE TRUE MEAN IS 0.

 ETABAR:         0.0000E+00 -3.0343E-03 -3.9708E-03  0.0000E+00  0.0000E+00
 SE:             0.0000E+00  4.0842E-02  4.5722E-02  0.0000E+00  0.0000E+00
 N:                       0          90          90           0           0

 P VAL.:         1.0000E+00  9.4078E-01  9.3079E-01  1.0000E+00  1.0000E+00

 ETASHRINKSD(%)  0.0000E+00  7.3528E+00  9.2940E+00  0.0000E+00  0.0000E+00
 ETASHRINKVR(%)  0.0000E+00  1.4165E+01  1.7724E+01  0.0000E+00  0.0000E+00
 EBVSHRINKSD(%)  0.0000E+00  7.4535E+00  9.6798E+00  0.0000E+00  0.0000E+00
 EBVSHRINKVR(%)  0.0000E+00  1.4352E+01  1.8423E+01  0.0000E+00  0.0000E+00
 RELATIVEINF(%)  0.0000E+00  0.0000E+00  0.0000E+00  0.0000E+00  0.0000E+00
 EPSSHRINKSD(%)  1.2534E+01  1.0000E+02
 EPSSHRINKVR(%)  2.3498E+01  1.0000E+02

  
 TOTAL DATA POINTS NORMALLY DISTRIBUTED (N):          641
 N*LOG(2PI) CONSTANT TO OBJECTIVE FUNCTION:    1178.0791995683903     
 OBJECTIVE FUNCTION VALUE WITHOUT CONSTANT:   -1729.9838087304820     
 OBJECTIVE FUNCTION VALUE WITH CONSTANT:      -551.90460916209167     
 REPORTED OBJECTIVE FUNCTION DOES NOT CONTAIN CONSTANT
  
 TOTAL EFFECTIVE ETAS (NIND*NETA):                           180
  
 #TERE:
 Elapsed estimation  time in seconds:    31.38
 Elapsed covariance  time in seconds:   126.72
1
 
 
 
 
 
 
 
 
 
 
 
 
 
 
 
 
 
 
 
 
 ************************************************************************************************************************
 ********************                                                                                ********************
 ********************               OBJECTIVE FUNCTION EVALUATION BY IMPORTANCE SAMPLING             ********************
 #OBJT:**************                        FINAL VALUE OF OBJECTIVE FUNCTION                       ********************
 ********************                                                                                ********************
 ************************************************************************************************************************
 





 #OBJV:********************************************    -1729.984       **************************************************
1
 ************************************************************************************************************************
 ********************                                                                                ********************
 ********************               OBJECTIVE FUNCTION EVALUATION BY IMPORTANCE SAMPLING             ********************
 ********************                             FINAL PARAMETER ESTIMATE                           ********************
 ********************                                                                                ********************
 ************************************************************************************************************************
 


 THETA - VECTOR OF FIXED EFFECTS PARAMETERS   *********


         TH 1      TH 2      TH 3      TH 4      TH 5      TH 6     
 
         7.94E-01  4.31E+00  2.62E+00  4.95E+00  2.10E+00  3.64E-01
 


 OMEGA - COV MATRIX FOR RANDOM EFFECTS - ETAS  ********


         ETA1      ETA2      ETA3      ETA4      ETA5     
 
 ETA1
+        0.00E+00
 
 ETA2
+        0.00E+00  1.75E-01
 
 ETA3
+        0.00E+00  0.00E+00  2.29E-01
 
 ETA4
+        0.00E+00  0.00E+00  0.00E+00  0.00E+00
 
 ETA5
+        0.00E+00  0.00E+00  0.00E+00  0.00E+00  0.00E+00
 


 SIGMA - COV MATRIX FOR RANDOM EFFECTS - EPSILONS  ****


         EPS1      EPS2     
 
 EPS1
+        8.14E-02
 
 EPS2
+        0.00E+00  0.00E+00
 
1


 OMEGA - CORR MATRIX FOR RANDOM EFFECTS - ETAS  *******


         ETA1      ETA2      ETA3      ETA4      ETA5     
 
 ETA1
+        0.00E+00
 
 ETA2
+        0.00E+00  4.18E-01
 
 ETA3
+        0.00E+00  0.00E+00  4.78E-01
 
 ETA4
+        0.00E+00  0.00E+00  0.00E+00  0.00E+00
 
 ETA5
+        0.00E+00  0.00E+00  0.00E+00  0.00E+00  0.00E+00
 


 SIGMA - CORR MATRIX FOR RANDOM EFFECTS - EPSILONS  ***


         EPS1      EPS2     
 
 EPS1
+        2.85E-01
 
 EPS2
+        0.00E+00  0.00E+00
 
1
 ************************************************************************************************************************
 ********************                                                                                ********************
 ********************               OBJECTIVE FUNCTION EVALUATION BY IMPORTANCE SAMPLING             ********************
 ********************                         STANDARD ERROR OF ESTIMATE (RSR)                       ********************
 ********************                                                                                ********************
 ************************************************************************************************************************
 


 THETA - VECTOR OF FIXED EFFECTS PARAMETERS   *********


         TH 1      TH 2      TH 3      TH 4      TH 5      TH 6     
 
         6.33E-02  5.80E-02  7.24E-02  1.98E-01  5.66E-02  1.45E-01
 


 OMEGA - COV MATRIX FOR RANDOM EFFECTS - ETAS  ********


         ETA1      ETA2      ETA3      ETA4      ETA5     
 
 ETA1
+        0.00E+00
 
 ETA2
+        0.00E+00  3.08E-02
 
 ETA3
+        0.00E+00  0.00E+00  3.87E-02
 
 ETA4
+        0.00E+00  0.00E+00  0.00E+00  0.00E+00
 
 ETA5
+        0.00E+00  0.00E+00  0.00E+00  0.00E+00  0.00E+00
 


 SIGMA - COV MATRIX FOR RANDOM EFFECTS - EPSILONS  ****


         EPS1      EPS2     
 
 EPS1
+        5.44E-03
 
 EPS2
+        0.00E+00  0.00E+00
 
1


 OMEGA - CORR MATRIX FOR RANDOM EFFECTS - ETAS  *******


         ETA1      ETA2      ETA3      ETA4      ETA5     
 
 ETA1
+       .........
 
 ETA2
+       .........  3.69E-02
 
 ETA3
+       ......... .........  4.05E-02
 
 ETA4
+       ......... ......... ......... .........
 
 ETA5
+       ......... ......... ......... ......... .........
 


 SIGMA - CORR MATRIX FOR RANDOM EFFECTS - EPSILONS  ***


         EPS1      EPS2     
 
 EPS1
+        9.54E-03
 
 EPS2
+       ......... .........
 
1
 ************************************************************************************************************************
 ********************                                                                                ********************
 ********************               OBJECTIVE FUNCTION EVALUATION BY IMPORTANCE SAMPLING             ********************
 ********************                       COVARIANCE MATRIX OF ESTIMATE (RSR)                      ********************
 ********************                                                                                ********************
 ************************************************************************************************************************
 

            TH 1      TH 2      TH 3      TH 4      TH 5      TH 6      OM11      OM12      OM13      OM14      OM15      OM22  
             OM23      OM24      OM25      OM33      OM34      OM35      OM44      OM45      OM55      SG11      SG12      SG22  

 
 TH 1
+        4.01E-03
 
 TH 2
+        2.07E-03  3.37E-03
 
 TH 3
+       -8.75E-04 -8.14E-04  5.23E-03
 
 TH 4
+        3.38E-03  1.73E-03 -9.09E-03  3.92E-02
 
 TH 5
+       -7.68E-04 -3.96E-04 -4.87E-04  4.79E-03  3.20E-03
 
 TH 6
+        5.92E-04  1.79E-03 -3.65E-05  2.20E-03  2.09E-04  2.10E-02
 
 OM11
+       ......... ......... ......... ......... ......... ......... .........
 
 OM12
+       ......... ......... ......... ......... ......... ......... ......... .........
 
 OM13
+       ......... ......... ......... ......... ......... ......... ......... ......... .........
 
 OM14
+       ......... ......... ......... ......... ......... ......... ......... ......... ......... .........
 
 OM15
+       ......... ......... ......... ......... ......... ......... ......... ......... ......... ......... .........
 
 OM22
+       -2.47E-04 -4.14E-04  4.14E-05 -1.98E-04 -1.49E-04 -1.63E-03  0.00E+00  0.00E+00  0.00E+00  0.00E+00  0.00E+00  9.51E-04
 
 OM23
+       ......... ......... ......... ......... ......... ......... ......... ......... ......... ......... ......... .........
         .........
 
 OM24
+       ......... ......... ......... ......... ......... ......... ......... ......... ......... ......... ......... .........
         ......... .........
 
 OM25
+       ......... ......... ......... ......... ......... ......... ......... ......... ......... ......... ......... .........
         ......... ......... .........
 
 OM33
+       -2.07E-04  6.75E-05 -5.79E-04  1.05E-03  2.10E-04 -2.79E-04  0.00E+00  0.00E+00  0.00E+00  0.00E+00  0.00E+00 -2.06E-04
          0.00E+00  0.00E+00  0.00E+00  1.50E-03
 
 OM34
+       ......... ......... ......... ......... ......... ......... ......... ......... ......... ......... ......... .........
         ......... ......... ......... ......... .........
 
 OM35
+       ......... ......... ......... ......... ......... ......... ......... ......... ......... ......... ......... .........
         ......... ......... ......... ......... ......... .........
 
 OM44
+       ......... ......... ......... ......... ......... ......... ......... ......... ......... ......... ......... .........
         ......... ......... ......... ......... ......... ......... .........
 
1

            TH 1      TH 2      TH 3      TH 4      TH 5      TH 6      OM11      OM12      OM13      OM14      OM15      OM22  
             OM23      OM24      OM25      OM33      OM34      OM35      OM44      OM45      OM55      SG11      SG12      SG22  

 
 OM45
+       ......... ......... ......... ......... ......... ......... ......... ......... ......... ......... ......... .........
         ......... ......... ......... ......... ......... ......... ......... .........
 
 OM55
+       ......... ......... ......... ......... ......... ......... ......... ......... ......... ......... ......... .........
         ......... ......... ......... ......... ......... ......... ......... ......... .........
 
 SG11
+        7.90E-05  9.62E-05 -2.58E-07  1.54E-05 -4.20E-05  8.29E-05  0.00E+00  0.00E+00  0.00E+00  0.00E+00  0.00E+00 -1.12E-05
          0.00E+00  0.00E+00  0.00E+00  1.40E-05  0.00E+00  0.00E+00  0.00E+00  0.00E+00  0.00E+00  2.96E-05
 
 SG12
+       ......... ......... ......... ......... ......... ......... ......... ......... ......... ......... ......... .........
         ......... ......... ......... ......... ......... ......... ......... ......... ......... ......... .........
 
 SG22
+       ......... ......... ......... ......... ......... ......... ......... ......... ......... ......... ......... .........
         ......... ......... ......... ......... ......... ......... ......... ......... ......... ......... ......... .........
 
1
 ************************************************************************************************************************
 ********************                                                                                ********************
 ********************               OBJECTIVE FUNCTION EVALUATION BY IMPORTANCE SAMPLING             ********************
 ********************                       CORRELATION MATRIX OF ESTIMATE (RSR)                     ********************
 ********************                                                                                ********************
 ************************************************************************************************************************
 

            TH 1      TH 2      TH 3      TH 4      TH 5      TH 6      OM11      OM12      OM13      OM14      OM15      OM22  
             OM23      OM24      OM25      OM33      OM34      OM35      OM44      OM45      OM55      SG11      SG12      SG22  

 
 TH 1
+        6.33E-02
 
 TH 2
+        5.62E-01  5.80E-02
 
 TH 3
+       -1.91E-01 -1.94E-01  7.24E-02
 
 TH 4
+        2.70E-01  1.50E-01 -6.35E-01  1.98E-01
 
 TH 5
+       -2.14E-01 -1.21E-01 -1.19E-01  4.27E-01  5.66E-02
 
 TH 6
+        6.45E-02  2.12E-01 -3.48E-03  7.66E-02  2.55E-02  1.45E-01
 
 OM11
+       ......... ......... ......... ......... ......... ......... .........
 
 OM12
+       ......... ......... ......... ......... ......... ......... ......... .........
 
 OM13
+       ......... ......... ......... ......... ......... ......... ......... ......... .........
 
 OM14
+       ......... ......... ......... ......... ......... ......... ......... ......... ......... .........
 
 OM15
+       ......... ......... ......... ......... ......... ......... ......... ......... ......... ......... .........
 
 OM22
+       -1.27E-01 -2.31E-01  1.86E-02 -3.24E-02 -8.53E-02 -3.65E-01  0.00E+00  0.00E+00  0.00E+00  0.00E+00  0.00E+00  3.08E-02
 
 OM23
+       ......... ......... ......... ......... ......... ......... ......... ......... ......... ......... ......... .........
         .........
 
 OM24
+       ......... ......... ......... ......... ......... ......... ......... ......... ......... ......... ......... .........
         ......... .........
 
 OM25
+       ......... ......... ......... ......... ......... ......... ......... ......... ......... ......... ......... .........
         ......... ......... .........
 
 OM33
+       -8.44E-02  3.01E-02 -2.07E-01  1.37E-01  9.58E-02 -4.97E-02  0.00E+00  0.00E+00  0.00E+00  0.00E+00  0.00E+00 -1.73E-01
          0.00E+00  0.00E+00  0.00E+00  3.87E-02
 
 OM34
+       ......... ......... ......... ......... ......... ......... ......... ......... ......... ......... ......... .........
         ......... ......... ......... ......... .........
 
 OM35
+       ......... ......... ......... ......... ......... ......... ......... ......... ......... ......... ......... .........
         ......... ......... ......... ......... ......... .........
 
 OM44
+       ......... ......... ......... ......... ......... ......... ......... ......... ......... ......... ......... .........
         ......... ......... ......... ......... ......... ......... .........
 
1

            TH 1      TH 2      TH 3      TH 4      TH 5      TH 6      OM11      OM12      OM13      OM14      OM15      OM22  
             OM23      OM24      OM25      OM33      OM34      OM35      OM44      OM45      OM55      SG11      SG12      SG22  

 
 OM45
+       ......... ......... ......... ......... ......... ......... ......... ......... ......... ......... ......... .........
         ......... ......... ......... ......... ......... ......... ......... .........
 
 OM55
+       ......... ......... ......... ......... ......... ......... ......... ......... ......... ......... ......... .........
         ......... ......... ......... ......... ......... ......... ......... ......... .........
 
 SG11
+        2.29E-01  3.05E-01 -6.54E-04  1.43E-02 -1.36E-01  1.05E-01  0.00E+00  0.00E+00  0.00E+00  0.00E+00  0.00E+00 -6.68E-02
          0.00E+00  0.00E+00  0.00E+00  6.63E-02  0.00E+00  0.00E+00  0.00E+00  0.00E+00  0.00E+00  5.44E-03
 
 SG12
+       ......... ......... ......... ......... ......... ......... ......... ......... ......... ......... ......... .........
         ......... ......... ......... ......... ......... ......... ......... ......... ......... ......... .........
 
 SG22
+       ......... ......... ......... ......... ......... ......... ......... ......... ......... ......... ......... .........
         ......... ......... ......... ......... ......... ......... ......... ......... ......... ......... ......... .........
 
1
 ************************************************************************************************************************
 ********************                                                                                ********************
 ********************               OBJECTIVE FUNCTION EVALUATION BY IMPORTANCE SAMPLING             ********************
 ********************                   INVERSE COVARIANCE MATRIX OF ESTIMATE (RSR)                  ********************
 ********************                                                                                ********************
 ************************************************************************************************************************
 

            TH 1      TH 2      TH 3      TH 4      TH 5      TH 6      OM11      OM12      OM13      OM14      OM15      OM22  
             OM23      OM24      OM25      OM33      OM34      OM35      OM44      OM45      OM55      SG11      SG12      SG22  

 
 TH 1
+        4.56E+02
 
 TH 2
+       -2.35E+02  4.97E+02
 
 TH 3
+       -4.18E+01  6.49E+01  3.57E+02
 
 TH 4
+       -6.12E+01  1.84E+01  9.38E+01  6.38E+01
 
 TH 5
+        1.58E+02 -1.67E+01 -9.60E+01 -9.43E+01  4.84E+02
 
 TH 6
+        2.07E+01 -2.70E+01 -1.02E+01 -7.62E+00  9.14E+00  5.84E+01
 
 OM11
+       ......... ......... ......... ......... ......... ......... .........
 
 OM12
+       ......... ......... ......... ......... ......... ......... ......... .........
 
 OM13
+       ......... ......... ......... ......... ......... ......... ......... ......... .........
 
 OM14
+       ......... ......... ......... ......... ......... ......... ......... ......... ......... .........
 
 OM15
+       ......... ......... ......... ......... ......... ......... ......... ......... ......... ......... .........
 
 OM22
+        8.34E+01  9.13E+01  2.18E+00 -2.92E+01  1.14E+02  9.95E+01  0.00E+00  0.00E+00  0.00E+00  0.00E+00  0.00E+00  1.34E+03
 
 OM23
+       ......... ......... ......... ......... ......... ......... ......... ......... ......... ......... ......... .........
         .........
 
 OM24
+       ......... ......... ......... ......... ......... ......... ......... ......... ......... ......... ......... .........
         ......... .........
 
 OM25
+       ......... ......... ......... ......... ......... ......... ......... ......... ......... ......... ......... .........
         ......... ......... .........
 
 OM33
+        9.58E+01 -2.44E+01  7.77E+01 -9.55E+00 -2.44E+00  2.96E+01  0.00E+00  0.00E+00  0.00E+00  0.00E+00  0.00E+00  2.17E+02
          0.00E+00  0.00E+00  0.00E+00  7.58E+02
 
 OM34
+       ......... ......... ......... ......... ......... ......... ......... ......... ......... ......... ......... .........
         ......... ......... ......... ......... .........
 
 OM35
+       ......... ......... ......... ......... ......... ......... ......... ......... ......... ......... ......... .........
         ......... ......... ......... ......... ......... .........
 
 OM44
+       ......... ......... ......... ......... ......... ......... ......... ......... ......... ......... ......... .........
         ......... ......... ......... ......... ......... ......... .........
 
1

            TH 1      TH 2      TH 3      TH 4      TH 5      TH 6      OM11      OM12      OM13      OM14      OM15      OM22  
             OM23      OM24      OM25      OM33      OM34      OM35      OM44      OM45      OM55      SG11      SG12      SG22  

 
 OM45
+       ......... ......... ......... ......... ......... ......... ......... ......... ......... ......... ......... .........
         ......... ......... ......... ......... ......... ......... ......... .........
 
 OM55
+       ......... ......... ......... ......... ......... ......... ......... ......... ......... ......... ......... .........
         ......... ......... ......... ......... ......... ......... ......... ......... .........
 
 SG11
+       -2.68E+02 -8.99E+02 -2.88E+02 -4.80E+01  3.86E+02 -9.04E+01  0.00E+00  0.00E+00  0.00E+00  0.00E+00  0.00E+00 -2.16E+02
          0.00E+00  0.00E+00  0.00E+00 -5.32E+02  0.00E+00  0.00E+00  0.00E+00  0.00E+00  0.00E+00  3.84E+04
 
 SG12
+       ......... ......... ......... ......... ......... ......... ......... ......... ......... ......... ......... .........
         ......... ......... ......... ......... ......... ......... ......... ......... ......... ......... .........
 
 SG22
+       ......... ......... ......... ......... ......... ......... ......... ......... ......... ......... ......... .........
         ......... ......... ......... ......... ......... ......... ......... ......... ......... ......... ......... .........
 
1
 
 
 
 
 
 
 
 
 
 
 
 
 
 
 
 
 
 
 
 
 ************************************************************************************************************************
 ********************                                                                                ********************
 ********************               OBJECTIVE FUNCTION EVALUATION BY IMPORTANCE SAMPLING             ********************
 ********************                   EIGENVALUES OF COR MATRIX OF ESTIMATE (RSR)                  ********************
 ********************                                                                                ********************
 ************************************************************************************************************************
 

             1         2         3         4         5         6         7         8         9
 
         2.19E-01  4.32E-01  5.19E-01  7.00E-01  8.24E-01  1.03E+00  1.31E+00  1.75E+00  2.21E+00
 
 Elapsed postprocess time in seconds:     0.04
 Elapsed finaloutput time in seconds:     0.03
 #CPUT: Total CPU Time in Seconds,      179.002
Stop Time:
Thu Jul 25 04:48:45 PM EDT 2024
